../Core/Src/system/system_time.c:46:16:str_to_byte	24	static
../Core/Src/system/system_time.c:55:21:system_time_update_reminder	32	static
../Core/Src/system/system_time.c:61:21:system_time_init	8	static
../Core/Src/system/system_time.c:84:21:system_time_alarm_set_callback	16	static
../Core/Src/system/system_time.c:90:21:system_time_save_reminder	16	static
../Core/Src/system/system_time.c:97:21:system_time_set_reminder	32	static
../Core/Src/system/system_time.c:128:21:system_time_set_reminder_str	64	static
../Core/Src/system/system_time.c:139:21:system_time_get_reminder	16	static
../Core/Src/system/system_time.c:145:21:system_time_number_reminder	24	static
../Core/Src/system/system_time.c:159:21:system_time_clear_reminder	16	static
../Core/Src/system/system_time.c:169:21:system_time_clear_all_reminder	8	static
../Core/Src/system/system_time.c:179:21:system_time_get_value	24	static
../Core/Src/system/system_time.c:201:21:system_time_get_epoch_time	16	static
../Core/Src/system/system_time.c:211:21:system_time_get_date_time	16	static
../Core/Src/system/system_time.c:221:21:system_time_set_value	104	static
../Core/Src/system/system_time.c:241:6:bsp_tim11_handle	16	static
../Core/Src/system/system_time.c:266:16:check_leap_year	16	static
../Core/Src/system/system_time.c:271:16:day_of_month	16	static
../Core/Src/system/system_time.c:296:6:system_time_change	24	static
../Core/Src/system/system_time.c:341:6:system_time_is_realtime_ready	8	static
../Core/Src/system/system_time.c:346:6:system_time_is_temp_sensor_ready	8	static
