../Core/Src/system/system_data.c:47:21:system_data_init	8	static
../Core/Src/system/system_data.c:53:28:system_data_save_flash	8	static
../Core/Src/system/system_data.c:60:21:system_data_get_reminder	24	static
../Core/Src/system/system_data.c:66:21:system_data_get_theme_color	16	static
../Core/Src/system/system_data.c:72:21:system_data_get_type_clock	16	static
../Core/Src/system/system_data.c:78:21:system_data_get_high_score	16	static
../Core/Src/system/system_data.c:84:21:system_data_set_reminder	16	static
../Core/Src/system/system_data.c:91:21:system_data_set_theme_color	16	static
../Core/Src/system/system_data.c:98:21:system_data_set_type_clock	16	static
../Core/Src/system/system_data.c:105:21:system_data_set_high_score	16	static
