../Core/Src/system/system_display.c:57:24:system_display_init	8	static
../Core/Src/system/system_display.c:71:31:system_display_alarm_reminder	56	static
../Core/Src/system/system_display.c:127:24:system_display_horse_animation	16	static
../Core/Src/system/system_display.c:137:24:system_display_update_theme_color	8	static
../Core/Src/system/system_display.c:144:24:system_display_screen_save	16	static
../Core/Src/system/system_display.c:155:24:system_display_time_reminder	104	static,ignoring_inline_asm
../Core/Src/system/system_display.c:301:24:system_display_set_time	88	static,ignoring_inline_asm
../Core/Src/system/system_display.c:371:24:system_display_snake_game_start	24	static
../Core/Src/system/system_display.c:411:24:system_display_snake_game_mode_choose	24	static
../Core/Src/system/system_display.c:452:24:system_display_snake_game_level_choose	24	static
../Core/Src/system/system_display.c:493:24:system_display_snake_game_over	80	static
../Core/Src/system/system_display.c:542:24:system_display_snake_game_win	80	static
../Core/Src/system/system_display.c:592:24:system_display_snake_game_info	8	static
../Core/Src/system/system_display.c:615:24:system_display_snake_game_playground	32	static
../Core/Src/system/system_display.c:665:24:system_display_time_countdown	48	static,ignoring_inline_asm
../Core/Src/system/system_display.c:826:24:system_display_snake_game_notify	16	static
../Core/Src/system/system_display.c:847:24:system_display_clock	32	static
../Core/Src/system/system_display.c:876:24:system_display_boot_state	16	static
../Core/Src/system/system_display.c:897:24:system_display_wait_state	16	static
../Core/Src/system/system_display.c:905:24:system_display_menu_state	24	static
../Core/Src/system/system_display.c:952:24:system_display_diagnostic	24	static
../Core/Src/system/system_display.c:1002:24:system_display_pc_control_mode	24	static
../Core/Src/system/system_display.c:1044:24:system_display_category_clock	24	static
../Core/Src/system/system_display.c:1093:24:system_display_theme_list	24	static
../Core/Src/system/system_display.c:1142:6:system_display_is_screen_ready	8	static
../Core/Src/system/system_display.c:1147:24:system_display_type_clock	32	static,ignoring_inline_asm
../Core/Src/system/system_display.c:1198:24:system_display_theme_color	32	static,ignoring_inline_asm
../Core/Src/system/system_display.c:1250:24:system_display_clock_handle	16	static
../Core/Src/system/system_display.c:1271:6:system_display_update	8	static
