../Core/Src/bsp/bsp_timer_pwm.c:27:6:bsp_tim3_start_tim_it	8	static
../Core/Src/bsp/bsp_timer_pwm.c:36:6:bsp_tim3_pwm_start	8	static
../Core/Src/bsp/bsp_timer_pwm.c:46:6:bsp_tim3_pwm_set_compare	16	static
../Core/Src/bsp/bsp_timer_pwm.c:52:6:bsp_tim4_start_tim_it	8	static
../Core/Src/bsp/bsp_timer_pwm.c:61:6:bsp_tim4_pwm_start	8	static
../Core/Src/bsp/bsp_timer_pwm.c:70:6:bsp_tim4_pwm_set_compare	16	static
../Core/Src/bsp/bsp_timer_pwm.c:76:6:bsp_tim9_start_tim_it	8	static
../Core/Src/bsp/bsp_timer_pwm.c:86:6:bsp_tim11_start_tim_it	8	static
../Core/Src/bsp/bsp_timer_pwm.c:95:6:HAL_TIM_PeriodElapsedCallback	16	static
../Core/Src/bsp/bsp_timer_pwm.c:116:13:bsp_tim3_handle	4	static
../Core/Src/bsp/bsp_timer_pwm.c:121:13:bsp_tim4_handle	4	static
../Core/Src/bsp/bsp_timer_pwm.c:126:13:bsp_tim9_handle	4	static
../Core/Src/bsp/bsp_timer_pwm.c:131:13:bsp_tim11_handle	4	static
../Core/Src/bsp/bsp_timer_pwm.c:136:6:bsp_tim_set_prescale	16	static
../Core/Src/bsp/bsp_timer_pwm.c:141:6:bsp_tim_set_autoreload	16	static
../Core/Src/bsp/bsp_timer_pwm.c:146:6:bsp_delay	16	static
