Archive member included to satisfy reference by file (symbol)

d:/stm32cubeide/stm32cubeide_1.12.0/stm32cubeide/plugins/com.st.stm32cube.ide.mcu.externaltools.gnu-tools-for-stm32.10.3-2021.10.win32_1.0.200.202301161003/tools/bin/../lib/gcc/arm-none-eabi/10.3.1/../../../../arm-none-eabi/lib/thumb/v7e-m+fp/hard\libc_nano.a(lib_a-errno.o)
                              ./Core/Src/syscalls.o (__errno)
d:/stm32cubeide/stm32cubeide_1.12.0/stm32cubeide/plugins/com.st.stm32cube.ide.mcu.externaltools.gnu-tools-for-stm32.10.3-2021.10.win32_1.0.200.202301161003/tools/bin/../lib/gcc/arm-none-eabi/10.3.1/../../../../arm-none-eabi/lib/thumb/v7e-m+fp/hard\libc_nano.a(lib_a-exit.o)
                              d:/stm32cubeide/stm32cubeide_1.12.0/stm32cubeide/plugins/com.st.stm32cube.ide.mcu.externaltools.gnu-tools-for-stm32.10.3-2021.10.win32_1.0.200.202301161003/tools/bin/../lib/gcc/arm-none-eabi/10.3.1/../../../../arm-none-eabi/lib/thumb/v7e-m+fp/hard/crt0.o (exit)
d:/stm32cubeide/stm32cubeide_1.12.0/stm32cubeide/plugins/com.st.stm32cube.ide.mcu.externaltools.gnu-tools-for-stm32.10.3-2021.10.win32_1.0.200.202301161003/tools/bin/../lib/gcc/arm-none-eabi/10.3.1/../../../../arm-none-eabi/lib/thumb/v7e-m+fp/hard\libc_nano.a(lib_a-impure.o)
                              d:/stm32cubeide/stm32cubeide_1.12.0/stm32cubeide/plugins/com.st.stm32cube.ide.mcu.externaltools.gnu-tools-for-stm32.10.3-2021.10.win32_1.0.200.202301161003/tools/bin/../lib/gcc/arm-none-eabi/10.3.1/../../../../arm-none-eabi/lib/thumb/v7e-m+fp/hard\libc_nano.a(lib_a-exit.o) (_global_impure_ptr)
d:/stm32cubeide/stm32cubeide_1.12.0/stm32cubeide/plugins/com.st.stm32cube.ide.mcu.externaltools.gnu-tools-for-stm32.10.3-2021.10.win32_1.0.200.202301161003/tools/bin/../lib/gcc/arm-none-eabi/10.3.1/../../../../arm-none-eabi/lib/thumb/v7e-m+fp/hard\libc_nano.a(lib_a-init.o)
                              d:/stm32cubeide/stm32cubeide_1.12.0/stm32cubeide/plugins/com.st.stm32cube.ide.mcu.externaltools.gnu-tools-for-stm32.10.3-2021.10.win32_1.0.200.202301161003/tools/bin/../lib/gcc/arm-none-eabi/10.3.1/../../../../arm-none-eabi/lib/thumb/v7e-m+fp/hard/crt0.o (__libc_init_array)
d:/stm32cubeide/stm32cubeide_1.12.0/stm32cubeide/plugins/com.st.stm32cube.ide.mcu.externaltools.gnu-tools-for-stm32.10.3-2021.10.win32_1.0.200.202301161003/tools/bin/../lib/gcc/arm-none-eabi/10.3.1/../../../../arm-none-eabi/lib/thumb/v7e-m+fp/hard\libc_nano.a(lib_a-lcltime.o)
                              ./Core/Src/driver/drv_ds1307.o (localtime)
d:/stm32cubeide/stm32cubeide_1.12.0/stm32cubeide/plugins/com.st.stm32cube.ide.mcu.externaltools.gnu-tools-for-stm32.10.3-2021.10.win32_1.0.200.202301161003/tools/bin/../lib/gcc/arm-none-eabi/10.3.1/../../../../arm-none-eabi/lib/thumb/v7e-m+fp/hard\libc_nano.a(lib_a-lcltime_r.o)
                              d:/stm32cubeide/stm32cubeide_1.12.0/stm32cubeide/plugins/com.st.stm32cube.ide.mcu.externaltools.gnu-tools-for-stm32.10.3-2021.10.win32_1.0.200.202301161003/tools/bin/../lib/gcc/arm-none-eabi/10.3.1/../../../../arm-none-eabi/lib/thumb/v7e-m+fp/hard\libc_nano.a(lib_a-lcltime.o) (localtime_r)
d:/stm32cubeide/stm32cubeide_1.12.0/stm32cubeide/plugins/com.st.stm32cube.ide.mcu.externaltools.gnu-tools-for-stm32.10.3-2021.10.win32_1.0.200.202301161003/tools/bin/../lib/gcc/arm-none-eabi/10.3.1/../../../../arm-none-eabi/lib/thumb/v7e-m+fp/hard\libc_nano.a(lib_a-malloc.o)
                              d:/stm32cubeide/stm32cubeide_1.12.0/stm32cubeide/plugins/com.st.stm32cube.ide.mcu.externaltools.gnu-tools-for-stm32.10.3-2021.10.win32_1.0.200.202301161003/tools/bin/../lib/gcc/arm-none-eabi/10.3.1/../../../../arm-none-eabi/lib/thumb/v7e-m+fp/hard\libc_nano.a(lib_a-lcltime.o) (malloc)
d:/stm32cubeide/stm32cubeide_1.12.0/stm32cubeide/plugins/com.st.stm32cube.ide.mcu.externaltools.gnu-tools-for-stm32.10.3-2021.10.win32_1.0.200.202301161003/tools/bin/../lib/gcc/arm-none-eabi/10.3.1/../../../../arm-none-eabi/lib/thumb/v7e-m+fp/hard\libc_nano.a(lib_a-memcpy-stub.o)
                              ./Core/Src/driver/drv_led_rgb.o (memcpy)
d:/stm32cubeide/stm32cubeide_1.12.0/stm32cubeide/plugins/com.st.stm32cube.ide.mcu.externaltools.gnu-tools-for-stm32.10.3-2021.10.win32_1.0.200.202301161003/tools/bin/../lib/gcc/arm-none-eabi/10.3.1/../../../../arm-none-eabi/lib/thumb/v7e-m+fp/hard\libc_nano.a(lib_a-memset.o)
                              d:/stm32cubeide/stm32cubeide_1.12.0/stm32cubeide/plugins/com.st.stm32cube.ide.mcu.externaltools.gnu-tools-for-stm32.10.3-2021.10.win32_1.0.200.202301161003/tools/bin/../lib/gcc/arm-none-eabi/10.3.1/../../../../arm-none-eabi/lib/thumb/v7e-m+fp/hard/crt0.o (memset)
d:/stm32cubeide/stm32cubeide_1.12.0/stm32cubeide/plugins/com.st.stm32cube.ide.mcu.externaltools.gnu-tools-for-stm32.10.3-2021.10.win32_1.0.200.202301161003/tools/bin/../lib/gcc/arm-none-eabi/10.3.1/../../../../arm-none-eabi/lib/thumb/v7e-m+fp/hard\libc_nano.a(lib_a-mktime.o)
                              ./Core/Src/driver/drv_ds1307.o (mktime)
[...]
Memory Configuration

Name             Origin             Length             Attributes
RAM              0x0000000020000000 0x0000000000020000 xrw
FLASH            0x0000000008000000 0x0000000000080000 xr
*default*        0x0000000000000000 0xffffffffffffffff

Linker script and memory map

LOAD d:/stm32cubeide/stm32cubeide_1.12.0/stm32cubeide/plugins/com.st.stm32cube.ide.mcu.externaltools.gnu-tools-for-stm32.10.3-2021.10.win32_1.0.200.202301161003/tools/bin/../lib/gcc/arm-none-eabi/10.3.1/thumb/v7e-m+fp/hard/crti.o
LOAD d:/stm32cubeide/stm32cubeide_1.12.0/stm32cubeide/plugins/com.st.stm32cube.ide.mcu.externaltools.gnu-tools-for-stm32.10.3-2021.10.win32_1.0.200.202301161003/tools/bin/../lib/gcc/arm-none-eabi/10.3.1/thumb/v7e-m+fp/hard/crtbegin.o
LOAD d:/stm32cubeide/stm32cubeide_1.12.0/stm32cubeide/plugins/com.st.stm32cube.ide.mcu.externaltools.gnu-tools-for-stm32.10.3-2021.10.win32_1.0.200.202301161003/tools/bin/../lib/gcc/arm-none-eabi/10.3.1/../../../../arm-none-eabi/lib/thumb/v7e-m+fp/hard/crt0.o
LOAD ./Core/Src/bsp/bsp_button.o
LOAD ./Core/Src/bsp/bsp_flash.o
LOAD ./Core/Src/bsp/bsp_gpio.o
LOAD ./Core/Src/bsp/bsp_i2c.o
LOAD ./Core/Src/bsp/bsp_timer_pwm.o
LOAD ./Core/Src/bsp/bsp_uart.o
LOAD ./Core/Src/driver/drv_button.o
LOAD ./Core/Src/driver/drv_buzzer.o
LOAD ./Core/Src/driver/drv_cjmcu75.o
LOAD ./Core/Src/driver/drv_ds1307.o
LOAD ./Core/Src/driver/drv_led_rgb.o
LOAD ./Core/Src/driver/drv_ssd1306.o
LOAD ./Core/Src/driver/drv_uart.o
LOAD ./Core/Src/main.o
LOAD ./Core/Src/stm32f4xx_hal_msp.o
LOAD ./Core/Src/stm32f4xx_it.o
LOAD ./Core/Src/syscalls.o
LOAD ./Core/Src/sysmem.o
LOAD ./Core/Src/system_stm32f4xx.o
LOAD ./Core/Src/middleware/cbuffer.o
LOAD ./Core/Src/middleware/fonts.o
LOAD ./Core/Src/middleware/icon_clock.o
LOAD ./Core/Src/middleware/snake_game.o
LOAD ./Core/Src/system/system_data.o
LOAD ./Core/Src/system/system_diagnostic.o
LOAD ./Core/Src/system/system_display.o
LOAD ./Core/Src/system/system_game.o
LOAD ./Core/Src/system/system_manager.o
LOAD ./Core/Src/system/system_pc_control.o
LOAD ./Core/Src/system/system_time.o
LOAD ./Core/Startup/startup_stm32f411retx.o
LOAD ./Drivers/STM32F4xx_HAL_Driver/Src/stm32f4xx_hal.o
LOAD ./Drivers/STM32F4xx_HAL_Driver/Src/stm32f4xx_hal_cortex.o
LOAD ./Drivers/STM32F4xx_HAL_Driver/Src/stm32f4xx_hal_dma.o
LOAD ./Drivers/STM32F4xx_HAL_Driver/Src/stm32f4xx_hal_dma_ex.o
LOAD ./Drivers/STM32F4xx_HAL_Driver/Src/stm32f4xx_hal_exti.o
LOAD ./Drivers/STM32F4xx_HAL_Driver/Src/stm32f4xx_hal_flash.o
LOAD ./Drivers/STM32F4xx_HAL_Driver/Src/stm32f4xx_hal_flash_ex.o
LOAD ./Drivers/STM32F4xx_HAL_Driver/Src/stm32f4xx_hal_flash_ramfunc.o
LOAD ./Drivers/STM32F4xx_HAL_Driver/Src/stm32f4xx_hal_gpio.o
LOAD ./Drivers/STM32F4xx_HAL_Driver/Src/stm32f4xx_hal_i2c.o
LOAD ./Drivers/STM32F4xx_HAL_Driver/Src/stm32f4xx_hal_i2c_ex.o
LOAD ./Drivers/STM32F4xx_HAL_Driver/Src/stm32f4xx_hal_pwr.o
LOAD ./Drivers/STM32F4xx_HAL_Driver/Src/stm32f4xx_hal_pwr_ex.o
LOAD ./Drivers/STM32F4xx_HAL_Driver/Src/stm32f4xx_hal_rcc.o
LOAD ./Drivers/STM32F4xx_HAL_Driver/Src/stm32f4xx_hal_rcc_ex.o
LOAD ./Drivers/STM32F4xx_HAL_Driver/Src/stm32f4xx_hal_tim.o
LOAD ./Drivers/STM32F4xx_HAL_Driver/Src/stm32f4xx_hal_tim_ex.o
LOAD ./Drivers/STM32F4xx_HAL_Driver/Src/stm32f4xx_hal_uart.o
START GROUP
LOAD d:/stm32cubeide/stm32cubeide_1.12.0/stm32cubeide/plugins/com.st.stm32cube.ide.mcu.externaltools.gnu-tools-for-stm32.10.3-2021.10.win32_1.0.200.202301161003/tools/bin/../lib/gcc/arm-none-eabi/10.3.1/../../../../arm-none-eabi/lib/thumb/v7e-m+fp/hard\libc_nano.a
LOAD d:/stm32cubeide/stm32cubeide_1.12.0/stm32cubeide/plugins/com.st.stm32cube.ide.mcu.externaltools.gnu-tools-for-stm32.10.3-2021.10.win32_1.0.200.202301161003/tools/bin/../lib/gcc/arm-none-eabi/10.3.1/../../../../arm-none-eabi/lib/thumb/v7e-m+fp/hard\libm.a
END GROUP
START GROUP
LOAD d:/stm32cubeide/stm32cubeide_1.12.0/stm32cubeide/plugins/com.st.stm32cube.ide.mcu.externaltools.gnu-tools-for-stm32.10.3-2021.10.win32_1.0.200.202301161003/tools/bin/../lib/gcc/arm-none-eabi/10.3.1/thumb/v7e-m+fp/hard\libgcc.a
LOAD d:/stm32cubeide/stm32cubeide_1.12.0/stm32cubeide/plugins/com.st.stm32cube.ide.mcu.externaltools.gnu-tools-for-stm32.10.3-2021.10.win32_1.0.200.202301161003/tools/bin/../lib/gcc/arm-none-eabi/10.3.1/../../../../arm-none-eabi/lib/thumb/v7e-m+fp/hard\libc_nano.a
END GROUP
START GROUP
LOAD d:/stm32cubeide/stm32cubeide_1.12.0/stm32cubeide/plugins/com.st.stm32cube.ide.mcu.externaltools.gnu-tools-for-stm32.10.3-2021.10.win32_1.0.200.202301161003/tools/bin/../lib/gcc/arm-none-eabi/10.3.1/thumb/v7e-m+fp/hard\libgcc.a
LOAD d:/stm32cubeide/stm32cubeide_1.12.0/stm32cubeide/plugins/com.st.stm32cube.ide.mcu.externaltools.gnu-tools-for-stm32.10.3-2021.10.win32_1.0.200.202301161003/tools/bin/../lib/gcc/arm-none-eabi/10.3.1/../../../../arm-none-eabi/lib/thumb/v7e-m+fp/hard\libc_nano.a
LOAD d:/stm32cubeide/stm32cubeide_1.12.0/stm32cubeide/plugins/com.st.stm32cube.ide.mcu.externaltools.gnu-tools-for-stm32.10.3-2021.10.win32_1.0.200.202301161003/tools/bin/../lib/gcc/arm-none-eabi/10.3.1/../../../../arm-none-eabi/lib/thumb/v7e-m+fp/hard\libnosys.a
END GROUP
START GROUP
LOAD d:/stm32cubeide/stm32cubeide_1.12.0/stm32cubeide/plugins/com.st.stm32cube.ide.mcu.externaltools.gnu-tools-for-stm32.10.3-2021.10.win32_1.0.200.202301161003/tools/bin/../lib/gcc/arm-none-eabi/10.3.1/thumb/v7e-m+fp/hard\libgcc.a
LOAD d:/stm32cubeide/stm32cubeide_1.12.0/stm32cubeide/plugins/com.st.stm32cube.ide.mcu.externaltools.gnu-tools-for-stm32.10.3-2021.10.win32_1.0.200.202301161003/tools/bin/../lib/gcc/arm-none-eabi/10.3.1/../../../../arm-none-eabi/lib/thumb/v7e-m+fp/hard\libc_nano.a
LOAD d:/stm32cubeide/stm32cubeide_1.12.0/stm32cubeide/plugins/com.st.stm32cube.ide.mcu.externaltools.gnu-tools-for-stm32.10.3-2021.10.win32_1.0.200.202301161003/tools/bin/../lib/gcc/arm-none-eabi/10.3.1/../../../../arm-none-eabi/lib/thumb/v7e-m+fp/hard\libnosys.a
END GROUP
LOAD d:/stm32cubeide/stm32cubeide_1.12.0/stm32cubeide/plugins/com.st.stm32cube.ide.mcu.externaltools.gnu-tools-for-stm32.10.3-2021.10.win32_1.0.200.202301161003/tools/bin/../lib/gcc/arm-none-eabi/10.3.1/thumb/v7e-m+fp/hard/crtend.o
LOAD d:/stm32cubeide/stm32cubeide_1.12.0/stm32cubeide/plugins/com.st.stm32cube.ide.mcu.externaltools.gnu-tools-for-stm32.10.3-2021.10.win32_1.0.200.202301161003/tools/bin/../lib/gcc/arm-none-eabi/10.3.1/thumb/v7e-m+fp/hard/crtn.o
                0x0000000020020000                _estack = (ORIGIN (RAM) + LENGTH (RAM))
                0x0000000000000200                _Min_Heap_Size = 0x200
                0x0000000000000400                _Min_Stack_Size = 0x400

.isr_vector     0x0000000008000000      0x198
                0x0000000008000000                . = ALIGN (0x4)
 *(.isr_vector)
 .isr_vector    0x0000000008000000      0x198 ./Core/Startup/startup_stm32f411retx.o
                0x0000000008000000                g_pfnVectors
                0x0000000008000198                . = ALIGN (0x4)

.text           0x00000000080001a0    0x1499c
                0x00000000080001a0                . = ALIGN (0x4)
 *(.text)
 .text          0x00000000080001a0       0x40 d:/stm32cubeide/stm32cubeide_1.12.0/stm32cubeide/plugins/com.st.stm32cube.ide.mcu.externaltools.gnu-tools-for-stm32.10.3-2021.10.win32_1.0.200.202301161003/tools/bin/../lib/gcc/arm-none-eabi/10.3.1/thumb/v7e-m+fp/hard/crtbegin.o
 .text          0x00000000080001e0       0x10 d:/stm32cubeide/stm32cubeide_1.12.0/stm32cubeide/plugins/com.st.stm32cube.ide.mcu.externaltools.gnu-tools-for-stm32.10.3-2021.10.win32_1.0.200.202301161003/tools/bin/../lib/gcc/arm-none-eabi/10.3.1/../../../../arm-none-eabi/lib/thumb/v7e-m+fp/hard\libc_nano.a(lib_a-strlen.o)
                0x00000000080001e0                strlen
 .text          0x00000000080001f0       0x14 d:/stm32cubeide/stm32cubeide_1.12.0/stm32cubeide/plugins/com.st.stm32cube.ide.mcu.externaltools.gnu-tools-for-stm32.10.3-2021.10.win32_1.0.200.202301161003/tools/bin/../lib/gcc/arm-none-eabi/10.3.1/../../../../arm-none-eabi/lib/thumb/v7e-m+fp/hard\libc_nano.a(lib_a-strcmp.o)
                0x00000000080001f0                strcmp
 *fill*         0x0000000008000204        0xc 
 .text          0x0000000008000210       0xa0 d:/stm32cubeide/stm32cubeide_1.12.0/stm32cubeide/plugins/com.st.stm32cube.ide.mcu.externaltools.gnu-tools-for-stm32.10.3-2021.10.win32_1.0.200.202301161003/tools/bin/../lib/gcc/arm-none-eabi/10.3.1/../../../../arm-none-eabi/lib/thumb/v7e-m+fp/hard\libc_nano.a(lib_a-memchr.o)
                0x0000000008000210                memchr
 .text          0x00000000080002b0      0x378 d:/stm32cubeide/stm32cubeide_1.12.0/stm32cubeide/plugins/com.st.stm32cube.ide.mcu.externaltools.gnu-tools-for-stm32.10.3-2021.10.win32_1.0.200.202301161003/tools/bin/../lib/gcc/arm-none-eabi/10.3.1/thumb/v7e-m+fp/hard\libgcc.a(_arm_addsubdf3.o)
                0x00000000080002b0                __aeabi_drsub
                0x00000000080002b8                __aeabi_dsub
                0x00000000080002b8                __subdf3
                0x00000000080002bc                __aeabi_dadd
                0x00000000080002bc                __adddf3
                0x0000000008000534                __floatunsidf
                0x0000000008000534                __aeabi_ui2d
                0x0000000008000554                __floatsidf
                0x0000000008000554                __aeabi_i2d
                0x0000000008000578                __aeabi_f2d
                0x0000000008000578                __extendsfdf2
                0x00000000080005bc                __floatundidf
                0x00000000080005bc                __aeabi_ul2d
                0x00000000080005cc                __floatdidf
                0x00000000080005cc                __aeabi_l2d
 .text          0x0000000008000628      0x424 d:/stm32cubeide/stm32cubeide_1.12.0/stm32cubeide/plugins/com.st.stm32cube.ide.mcu.externaltools.gnu-tools-for-stm32.10.3-2021.10.win32_1.0.200.202301161003/tools/bin/../lib/gcc/arm-none-eabi/10.3.1/thumb/v7e-m+fp/hard\libgcc.a(_arm_muldivdf3.o)
                0x0000000008000628                __aeabi_dmul
                0x0000000008000628                __muldf3
                0x000000000800087c                __divdf3
                0x000000000800087c                __aeabi_ddiv
 .text          0x0000000008000a4c      0x110 d:/stm32cubeide/stm32cubeide_1.12.0/stm32cubeide/plugins/com.st.stm32cube.ide.mcu.externaltools.gnu-tools-for-stm32.10.3-2021.10.win32_1.0.200.202301161003/tools/bin/../lib/gcc/arm-none-eabi/10.3.1/thumb/v7e-m+fp/hard\libgcc.a(_arm_cmpdf2.o)
                0x0000000008000a4c                __gtdf2
                0x0000000008000a4c                __gedf2
                0x0000000008000a54                __ltdf2
                0x0000000008000a54                __ledf2
                0x0000000008000a5c                __nedf2
                0x0000000008000a5c                __eqdf2
                0x0000000008000a5c                __cmpdf2
                0x0000000008000ad8                __aeabi_cdrcmple
                0x0000000008000ae8                __aeabi_cdcmpeq
                0x0000000008000ae8                __aeabi_cdcmple
                0x0000000008000af8                __aeabi_dcmpeq
                0x0000000008000b0c                __aeabi_dcmplt
                0x0000000008000b20                __aeabi_dcmple
                0x0000000008000b34                __aeabi_dcmpge
                0x0000000008000b48                __aeabi_dcmpgt
 .text          0x0000000008000b5c       0x50 d:/stm32cubeide/stm32cubeide_1.12.0/stm32cubeide/plugins/com.st.stm32cube.ide.mcu.externaltools.gnu-tools-for-stm32.10.3-2021.10.win32_1.0.200.202301161003/tools/bin/../lib/gcc/arm-none-eabi/10.3.1/thumb/v7e-m+fp/hard\libgcc.a(_arm_fixdfsi.o)
                0x0000000008000b5c                __aeabi_d2iz
                0x0000000008000b5c                __fixdfsi
 .text          0x0000000008000bac       0xa0 d:/stm32cubeide/stm32cubeide_1.12.0/stm32cubeide/plugins/com.st.stm32cube.ide.mcu.externaltools.gnu-tools-for-stm32.10.3-2021.10.win32_1.0.200.202301161003/tools/bin/../lib/gcc/arm-none-eabi/10.3.1/thumb/v7e-m+fp/hard\libgcc.a(_arm_truncdfsf2.o)
                0x0000000008000bac                __truncdfsf2
                0x0000000008000bac                __aeabi_d2f
 .text          0x0000000008000c4c       0xa0 d:/stm32cubeide/stm32cubeide_1.12.0/stm32cubeide/plugins/com.st.stm32cube.ide.mcu.externaltools.gnu-tools-for-stm32.10.3-2021.10.win32_1.0.200.202301161003/tools/bin/../lib/gcc/arm-none-eabi/10.3.1/thumb/v7e-m+fp/hard\libgcc.a(_aeabi_ldivmod.o)
                0x0000000008000c4c                __aeabi_ldivmod
 .text          0x0000000008000cec       0x30 d:/stm32cubeide/stm32cubeide_1.12.0/stm32cubeide/plugins/com.st.stm32cube.ide.mcu.externaltools.gnu-tools-for-stm32.10.3-2021.10.win32_1.0.200.202301161003/tools/bin/../lib/gcc/arm-none-eabi/10.3.1/thumb/v7e-m+fp/hard\libgcc.a(_aeabi_uldivmod.o)
                0x0000000008000cec                __aeabi_uldivmod
 .text          0x0000000008000d1c      0x2d0 d:/stm32cubeide/stm32cubeide_1.12.0/stm32cubeide/plugins/com.st.stm32cube.ide.mcu.externaltools.gnu-tools-for-stm32.10.3-2021.10.win32_1.0.200.202301161003/tools/bin/../lib/gcc/arm-none-eabi/10.3.1/thumb/v7e-m+fp/hard\libgcc.a(_udivmoddi4.o)
                0x0000000008000d1c                __udivmoddi4
 .text          0x0000000008000fec        0x4 d:/stm32cubeide/stm32cubeide_1.12.0/stm32cubeide/plugins/com.st.stm32cube.ide.mcu.externaltools.gnu-tools-for-stm32.10.3-2021.10.win32_1.0.200.202301161003/tools/bin/../lib/gcc/arm-none-eabi/10.3.1/thumb/v7e-m+fp/hard\libgcc.a(_dvmd_tls.o)
                0x0000000008000fec                __aeabi_idiv0
                0x0000000008000fec                __aeabi_ldiv0
 *(.text*)
 .text.bsp_button_init_one_button
                0x0000000008000ff0       0x44 ./Core/Src/bsp/bsp_button.o
 .text.bsp_button_init
                0x0000000008001034       0xa8 ./Core/Src/bsp/bsp_button.o
                0x0000000008001034                bsp_button_init
 .text.bsp_button_check_state_one_button
                0x00000000080010dc      0x1a8 ./Core/Src/bsp/bsp_button.o
                0x00000000080010dc                bsp_button_check_state_one_button
 .text.bsp_flash_unlock
                0x0000000008001284       0x28 ./Core/Src/bsp/bsp_flash.o
                0x0000000008001284                bsp_flash_unlock
 .text.bsp_get_sector_from_address
                0x00000000080012ac       0xf4 ./Core/Src/bsp/bsp_flash.o
                0x00000000080012ac                bsp_get_sector_from_address
 .text.bsp_flash_erase
                0x00000000080013a0       0xf8 ./Core/Src/bsp/bsp_flash.o
                0x00000000080013a0                bsp_flash_erase
 .text.bsp_flash_write
                0x0000000008001498       0xf0 ./Core/Src/bsp/bsp_flash.o
                0x0000000008001498                bsp_flash_write
 .text.bsp_flash_read
                0x0000000008001588       0x58 ./Core/Src/bsp/bsp_flash.o
                0x0000000008001588                bsp_flash_read
 .text.bsp_gpio_read_pin
                0x00000000080015e0       0x2a ./Core/Src/bsp/bsp_gpio.o
                0x00000000080015e0                bsp_gpio_read_pin
 *fill*         0x000000000800160a        0x2 
 .text.bsp_i2c1_is_device_ready
                0x000000000800160c       0x30 ./Core/Src/bsp/bsp_i2c.o
                0x000000000800160c                bsp_i2c1_is_device_ready
 .text.bsp_i2c1_write_mem
                0x000000000800163c       0x5c ./Core/Src/bsp/bsp_i2c.o
                0x000000000800163c                bsp_i2c1_write_mem
 .text.bsp_i2c1_read_mem
                0x0000000008001698       0x5c ./Core/Src/bsp/bsp_i2c.o
                0x0000000008001698                bsp_i2c1_read_mem
 .text.bsp_i2c3_is_device_ready
                0x00000000080016f4       0x30 ./Core/Src/bsp/bsp_i2c.o
                0x00000000080016f4                bsp_i2c3_is_device_ready
 .text.bsp_i2c3_is_busy
                0x0000000008001724       0x20 ./Core/Src/bsp/bsp_i2c.o
                0x0000000008001724                bsp_i2c3_is_busy
 .text.bsp_i2c3_read_mem
                0x0000000008001744       0x5c ./Core/Src/bsp/bsp_i2c.o
                0x0000000008001744                bsp_i2c3_read_mem
 .text.bsp_i2c3_write_mem_dma
                0x00000000080017a0       0x84 ./Core/Src/bsp/bsp_i2c.o
                0x00000000080017a0                bsp_i2c3_write_mem_dma
 .text.HAL_I2C_MemTxCpltCallback
                0x0000000008001824       0x54 ./Core/Src/bsp/bsp_i2c.o
                0x0000000008001824                HAL_I2C_MemTxCpltCallback
 .text.HAL_I2C_MemRxCpltCallback
                0x0000000008001878       0x54 ./Core/Src/bsp/bsp_i2c.o
                0x0000000008001878                HAL_I2C_MemRxCpltCallback
 .text.bsp_tim3_start_tim_it
                0x00000000080018cc       0x20 ./Core/Src/bsp/bsp_timer_pwm.o
                0x00000000080018cc                bsp_tim3_start_tim_it
 .text.bsp_tim3_pwm_start
                0x00000000080018ec       0x3c ./Core/Src/bsp/bsp_timer_pwm.o
                0x00000000080018ec                bsp_tim3_pwm_start
 .text.bsp_tim3_pwm_set_compare
                0x0000000008001928       0x54 ./Core/Src/bsp/bsp_timer_pwm.o
                0x0000000008001928                bsp_tim3_pwm_set_compare
 .text.bsp_tim4_start_tim_it
                0x000000000800197c       0x20 ./Core/Src/bsp/bsp_timer_pwm.o
                0x000000000800197c                bsp_tim4_start_tim_it
 .text.bsp_tim4_pwm_start
                0x000000000800199c       0x20 ./Core/Src/bsp/bsp_timer_pwm.o
                0x000000000800199c                bsp_tim4_pwm_start
 .text.bsp_tim4_pwm_set_compare
                0x00000000080019bc       0x54 ./Core/Src/bsp/bsp_timer_pwm.o
                0x00000000080019bc                bsp_tim4_pwm_set_compare
 .text.bsp_tim11_start_tim_it
                0x0000000008001a10       0x20 ./Core/Src/bsp/bsp_timer_pwm.o
                0x0000000008001a10                bsp_tim11_start_tim_it
 .text.HAL_TIM_PeriodElapsedCallback
                0x0000000008001a30       0x68 ./Core/Src/bsp/bsp_timer_pwm.o
                0x0000000008001a30                HAL_TIM_PeriodElapsedCallback
 .text.bsp_tim9_handle
                0x0000000008001a98        0xe ./Core/Src/bsp/bsp_timer_pwm.o
                0x0000000008001a98                bsp_tim9_handle
 .text.bsp_tim_set_prescale
                0x0000000008001aa6       0x1e ./Core/Src/bsp/bsp_timer_pwm.o
                0x0000000008001aa6                bsp_tim_set_prescale
 .text.bsp_tim_set_autoreload
                0x0000000008001ac4       0x24 ./Core/Src/bsp/bsp_timer_pwm.o
                0x0000000008001ac4                bsp_tim_set_autoreload
 .text.bsp_delay
                0x0000000008001ae8       0x16 ./Core/Src/bsp/bsp_timer_pwm.o
                0x0000000008001ae8                bsp_delay
 *fill*         0x0000000008001afe        0x2 
 .text.bsp_uart_init
                0x0000000008001b00       0x1c ./Core/Src/bsp/bsp_uart.o
                0x0000000008001b00                bsp_uart_init
 .text.bsp_uart_printf
                0x0000000008001b1c       0x28 ./Core/Src/bsp/bsp_uart.o
                0x0000000008001b1c                bsp_uart_printf
 .text.bsp_uart_receive_to_idle_dma
                0x0000000008001b44       0x48 ./Core/Src/bsp/bsp_uart.o
                0x0000000008001b44                bsp_uart_receive_to_idle_dma
 .text.bsp_uart_handle_data
                0x0000000008001b8c      0x120 ./Core/Src/bsp/bsp_uart.o
                0x0000000008001b8c                bsp_uart_handle_data
 .text.HAL_UARTEx_RxEventCallback
                0x0000000008001cac       0x20 ./Core/Src/bsp/bsp_uart.o
                0x0000000008001cac                HAL_UARTEx_RxEventCallback
 .text.drv_button_init
                0x0000000008001ccc       0xc4 ./Core/Src/driver/drv_button.o
                0x0000000008001ccc                drv_button_init
 .text.drv_button_check_event
                0x0000000008001d90      0x19c ./Core/Src/driver/drv_button.o
                0x0000000008001d90                drv_button_check_event
 .text.HAL_GPIO_EXTI_Callback
                0x0000000008001f2c       0x6c ./Core/Src/driver/drv_button.o
                0x0000000008001f2c                HAL_GPIO_EXTI_Callback
 .text.drv_buzzer_init
                0x0000000008001f98       0x28 ./Core/Src/driver/drv_buzzer.o
                0x0000000008001f98                drv_buzzer_init
 .text.drv_buzzer_volume
                0x0000000008001fc0       0x2c ./Core/Src/driver/drv_buzzer.o
                0x0000000008001fc0                drv_buzzer_volume
 .text.drv_buzzer_music
                0x0000000008001fec       0x4c ./Core/Src/driver/drv_buzzer.o
                0x0000000008001fec                drv_buzzer_music
 .text.drv_buzzer_off
                0x0000000008002038       0x38 ./Core/Src/driver/drv_buzzer.o
                0x0000000008002038                drv_buzzer_off
 .text.drv_buzzer_make_tone
                0x0000000008002070       0x5c ./Core/Src/driver/drv_buzzer.o
 .text.drv_buzzer_notone
                0x00000000080020cc       0x10 ./Core/Src/driver/drv_buzzer.o
 .text.bsp_tim4_handle
                0x00000000080020dc      0x434 ./Core/Src/driver/drv_buzzer.o
                0x00000000080020dc                bsp_tim4_handle
 .text.cjmcu75_init
                0x0000000008002510       0x38 ./Core/Src/driver/drv_cjmcu75.o
                0x0000000008002510                cjmcu75_init
 .text.cjmcu75_get_temp
                0x0000000008002548       0xfc ./Core/Src/driver/drv_cjmcu75.o
                0x0000000008002548                cjmcu75_get_temp
 .text.str_to_bcd
                0x0000000008002644       0x32 ./Core/Src/driver/drv_ds1307.o
 .text.bcd_to_byte
                0x0000000008002676       0x34 ./Core/Src/driver/drv_ds1307.o
 *fill*         0x00000000080026aa        0x2 
 .text.byte_to_bcd
                0x00000000080026ac       0x38 ./Core/Src/driver/drv_ds1307.o
 .text.calculate_day_of_week
                0x00000000080026e4       0xbc ./Core/Src/driver/drv_ds1307.o
                0x00000000080026e4                calculate_day_of_week
 .text.ds1307_set_day_of_month
                0x00000000080027a0       0x36 ./Core/Src/driver/drv_ds1307.o
                0x00000000080027a0                ds1307_set_day_of_month
 .text.ds1307_set_month
                0x00000000080027d6       0x36 ./Core/Src/driver/drv_ds1307.o
                0x00000000080027d6                ds1307_set_month
 .text.ds1307_set_year
                0x000000000800280c       0x30 ./Core/Src/driver/drv_ds1307.o
                0x000000000800280c                ds1307_set_year
 .text.ds1307_set_sec
                0x000000000800283c       0x54 ./Core/Src/driver/drv_ds1307.o
                0x000000000800283c                ds1307_set_sec
 .text.ds1307_set_min
                0x0000000008002890       0x54 ./Core/Src/driver/drv_ds1307.o
                0x0000000008002890                ds1307_set_min
 .text.ds1307_set_hour_24h
                0x00000000080028e4       0x54 ./Core/Src/driver/drv_ds1307.o
                0x00000000080028e4                ds1307_set_hour_24h
 .text.ds1307_get_time
                0x0000000008002938      0x130 ./Core/Src/driver/drv_ds1307.o
                0x0000000008002938                ds1307_get_time
 .text.ds1307_set_time
                0x0000000008002a68       0xfc ./Core/Src/driver/drv_ds1307.o
                0x0000000008002a68                ds1307_set_time
 .text.ds1307_init
                0x0000000008002b64       0x38 ./Core/Src/driver/drv_ds1307.o
                0x0000000008002b64                ds1307_init
 .text.ds1307_convert_to_epoch_time
                0x0000000008002b9c       0x54 ./Core/Src/driver/drv_ds1307.o
                0x0000000008002b9c                ds1307_convert_to_epoch_time
 .text.ds1307_convert_to_date_time
                0x0000000008002bf0       0x98 ./Core/Src/driver/drv_ds1307.o
                0x0000000008002bf0                ds1307_convert_to_date_time
 .text.drv_led_init
                0x0000000008002c88       0x28 ./Core/Src/driver/drv_led_rgb.o
                0x0000000008002c88                drv_led_init
 .text.drv_led_off
                0x0000000008002cb0       0x38 ./Core/Src/driver/drv_led_rgb.o
                0x0000000008002cb0                drv_led_off
 .text.drv_led_set_color
                0x0000000008002ce8       0x90 ./Core/Src/driver/drv_led_rgb.o
                0x0000000008002ce8                drv_led_set_color
 .text.drv_led_blink_color
                0x0000000008002d78       0x28 ./Core/Src/driver/drv_led_rgb.o
                0x0000000008002d78                drv_led_blink_color
 .text.drv_led_fade_in_fade_out
                0x0000000008002da0       0x18 ./Core/Src/driver/drv_led_rgb.o
                0x0000000008002da0                drv_led_fade_in_fade_out
 .text.bsp_tim3_handle
                0x0000000008002db8      0x1c4 ./Core/Src/driver/drv_led_rgb.o
                0x0000000008002db8                bsp_tim3_handle
 .text.drv_ssd1306_write_command
                0x0000000008002f7c       0x36 ./Core/Src/driver/drv_ssd1306.o
 .text.drv_ssd1306_is_ready
                0x0000000008002fb2       0x38 ./Core/Src/driver/drv_ssd1306.o
 *fill*         0x0000000008002fea        0x2 
 .text.drv_ssd1306_fill
                0x0000000008002fec       0x30 ./Core/Src/driver/drv_ssd1306.o
                0x0000000008002fec                drv_ssd1306_fill
 .text.drv_ssd1306_fill_theme_color
                0x000000000800301c       0x24 ./Core/Src/driver/drv_ssd1306.o
                0x000000000800301c                drv_ssd1306_fill_theme_color
 .text.drv_ssd1306_update_screen
                0x0000000008003040       0x68 ./Core/Src/driver/drv_ssd1306.o
                0x0000000008003040                drv_ssd1306_update_screen
 .text.drv_ssd1306_send_data
                0x00000000080030a8       0xe8 ./Core/Src/driver/drv_ssd1306.o
 .text.drv_ssd1306_init
                0x0000000008003190      0x150 ./Core/Src/driver/drv_ssd1306.o
                0x0000000008003190                drv_ssd1306_init
 .text.drv_ssd1306_invert_display
                0x00000000080032e0       0x24 ./Core/Src/driver/drv_ssd1306.o
                0x00000000080032e0                drv_ssd1306_invert_display
 .text.drv_ssd1306_draw_bitmap
                0x0000000008003304       0xd0 ./Core/Src/driver/drv_ssd1306.o
                0x0000000008003304                drv_ssd1306_draw_bitmap
 .text.drv_ssd1306_draw_pixel
                0x00000000080033d4       0xc4 ./Core/Src/driver/drv_ssd1306.o
                0x00000000080033d4                drv_ssd1306_draw_pixel
 .text.drv_ssd1306_goto_xy
                0x0000000008003498       0x40 ./Core/Src/driver/drv_ssd1306.o
                0x0000000008003498                drv_ssd1306_goto_xy
 .text.drv_ssd1306_send_font_custom
                0x00000000080034d8       0xa0 ./Core/Src/driver/drv_ssd1306.o
                0x00000000080034d8                drv_ssd1306_send_font_custom
 .text.drv_ssd1306_putc
                0x0000000008003578      0x198 ./Core/Src/driver/drv_ssd1306.o
                0x0000000008003578                drv_ssd1306_putc
 .text.drv_ssd1306_puts
                0x0000000008003710       0x40 ./Core/Src/driver/drv_ssd1306.o
                0x0000000008003710                drv_ssd1306_puts
 .text.drv_ssd1306_raw_circle
                0x0000000008003750      0x1a8 ./Core/Src/driver/drv_ssd1306.o
 .text.drv_ssd1306_raw_fill_circle
                0x00000000080038f8      0x1b6 ./Core/Src/driver/drv_ssd1306.o
 .text.drv_ssd1306_draw_line
                0x0000000008003aae      0x1f6 ./Core/Src/driver/drv_ssd1306.o
 .text.drv_ssd1306_draw_rectangle
                0x0000000008003ca4       0xd4 ./Core/Src/driver/drv_ssd1306.o
                0x0000000008003ca4                drv_ssd1306_draw_rectangle
 .text.drv_ssd1306_draw_hand_thin
                0x0000000008003d78      0x2d4 ./Core/Src/driver/drv_ssd1306.o
                0x0000000008003d78                drv_ssd1306_draw_hand_thin
 *fill*         0x000000000800404c        0x4 
 .text.drv_ds1306_clock_style_simple
                0x0000000008004050      0x62c ./Core/Src/driver/drv_ssd1306.o
                0x0000000008004050                drv_ds1306_clock_style_simple
 .text.drv_ds1306_clock_style_digital
                0x000000000800467c      0x124 ./Core/Src/driver/drv_ssd1306.o
                0x000000000800467c                drv_ds1306_clock_style_digital
 .text.drv_uart_init
                0x00000000080047a0        0xe ./Core/Src/driver/drv_uart.o
                0x00000000080047a0                drv_uart_init
 *fill*         0x00000000080047ae        0x2 
 .text.drv_uart_printf
                0x00000000080047b0       0x20 ./Core/Src/driver/drv_uart.o
                0x00000000080047b0                drv_uart_printf
 .text.drv_uart_receive
                0x00000000080047d0       0x20 ./Core/Src/driver/drv_uart.o
                0x00000000080047d0                drv_uart_receive
 .text.drv_uart_num_unread_cb_data
                0x00000000080047f0       0x14 ./Core/Src/driver/drv_uart.o
                0x00000000080047f0                drv_uart_num_unread_cb_data
 .text.drv_uart_read_cb_data
                0x0000000008004804       0x24 ./Core/Src/driver/drv_uart.o
                0x0000000008004804                drv_uart_read_cb_data
 .text.main     0x0000000008004828       0x40 ./Core/Src/main.o
                0x0000000008004828                main
 .text.SystemClock_Config
                0x0000000008004868       0xd0 ./Core/Src/main.o
                0x0000000008004868                SystemClock_Config
 .text.MX_I2C1_Init
                0x0000000008004938       0x5c ./Core/Src/main.o
 .text.MX_I2C3_Init
                0x0000000008004994       0x5c ./Core/Src/main.o
 .text.MX_TIM3_Init
                0x00000000080049f0      0x118 ./Core/Src/main.o
 .text.MX_TIM4_Init
                0x0000000008004b08       0xec ./Core/Src/main.o
 .text.MX_TIM9_Init
                0x0000000008004bf4       0x74 ./Core/Src/main.o
 .text.MX_TIM11_Init
                0x0000000008004c68       0x48 ./Core/Src/main.o
 .text.MX_USART2_UART_Init
                0x0000000008004cb0       0x54 ./Core/Src/main.o
 .text.MX_DMA_Init
                0x0000000008004d04       0x60 ./Core/Src/main.o
 .text.MX_GPIO_Init
                0x0000000008004d64      0x130 ./Core/Src/main.o
 .text.Error_Handler
                0x0000000008004e94        0xa ./Core/Src/main.o
                0x0000000008004e94                Error_Handler
 *fill*         0x0000000008004e9e        0x2 
 .text.HAL_MspInit
                0x0000000008004ea0       0x50 ./Core/Src/stm32f4xx_hal_msp.o
                0x0000000008004ea0                HAL_MspInit
 .text.HAL_I2C_MspInit
                0x0000000008004ef0      0x1b8 ./Core/Src/stm32f4xx_hal_msp.o
                0x0000000008004ef0                HAL_I2C_MspInit
 .text.HAL_TIM_Base_MspInit
                0x00000000080050a8      0x104 ./Core/Src/stm32f4xx_hal_msp.o
                0x00000000080050a8                HAL_TIM_Base_MspInit
 .text.HAL_TIM_MspPostInit
                0x00000000080051ac       0xc4 ./Core/Src/stm32f4xx_hal_msp.o
                0x00000000080051ac                HAL_TIM_MspPostInit
 .text.HAL_UART_MspInit
                0x0000000008005270      0x16c ./Core/Src/stm32f4xx_hal_msp.o
                0x0000000008005270                HAL_UART_MspInit
 .text.NMI_Handler
                0x00000000080053dc        0x6 ./Core/Src/stm32f4xx_it.o
                0x00000000080053dc                NMI_Handler
 .text.HardFault_Handler
                0x00000000080053e2        0x6 ./Core/Src/stm32f4xx_it.o
                0x00000000080053e2                HardFault_Handler
 .text.MemManage_Handler
                0x00000000080053e8        0x6 ./Core/Src/stm32f4xx_it.o
                0x00000000080053e8                MemManage_Handler
 .text.BusFault_Handler
                0x00000000080053ee        0x6 ./Core/Src/stm32f4xx_it.o
                0x00000000080053ee                BusFault_Handler
 .text.UsageFault_Handler
                0x00000000080053f4        0x6 ./Core/Src/stm32f4xx_it.o
                0x00000000080053f4                UsageFault_Handler
 .text.SVC_Handler
                0x00000000080053fa        0xe ./Core/Src/stm32f4xx_it.o
                0x00000000080053fa                SVC_Handler
 .text.DebugMon_Handler
                0x0000000008005408        0xe ./Core/Src/stm32f4xx_it.o
                0x0000000008005408                DebugMon_Handler
 .text.PendSV_Handler
                0x0000000008005416        0xe ./Core/Src/stm32f4xx_it.o
                0x0000000008005416                PendSV_Handler
 .text.SysTick_Handler
                0x0000000008005424        0xc ./Core/Src/stm32f4xx_it.o
                0x0000000008005424                SysTick_Handler
 .text.EXTI2_IRQHandler
                0x0000000008005430        0xe ./Core/Src/stm32f4xx_it.o
                0x0000000008005430                EXTI2_IRQHandler
 .text.EXTI3_IRQHandler
                0x000000000800543e        0xe ./Core/Src/stm32f4xx_it.o
                0x000000000800543e                EXTI3_IRQHandler
 .text.DMA1_Stream4_IRQHandler
                0x000000000800544c       0x14 ./Core/Src/stm32f4xx_it.o
                0x000000000800544c                DMA1_Stream4_IRQHandler
 .text.DMA1_Stream5_IRQHandler
                0x0000000008005460       0x14 ./Core/Src/stm32f4xx_it.o
                0x0000000008005460                DMA1_Stream5_IRQHandler
 .text.DMA1_Stream6_IRQHandler
                0x0000000008005474       0x14 ./Core/Src/stm32f4xx_it.o
                0x0000000008005474                DMA1_Stream6_IRQHandler
 .text.EXTI9_5_IRQHandler
                0x0000000008005488        0xe ./Core/Src/stm32f4xx_it.o
                0x0000000008005488                EXTI9_5_IRQHandler
 *fill*         0x0000000008005496        0x2 
 .text.TIM1_BRK_TIM9_IRQHandler
                0x0000000008005498       0x14 ./Core/Src/stm32f4xx_it.o
                0x0000000008005498                TIM1_BRK_TIM9_IRQHandler
 .text.TIM1_TRG_COM_TIM11_IRQHandler
                0x00000000080054ac       0x14 ./Core/Src/stm32f4xx_it.o
                0x00000000080054ac                TIM1_TRG_COM_TIM11_IRQHandler
 .text.TIM3_IRQHandler
                0x00000000080054c0       0x14 ./Core/Src/stm32f4xx_it.o
                0x00000000080054c0                TIM3_IRQHandler
 .text.TIM4_IRQHandler
                0x00000000080054d4       0x14 ./Core/Src/stm32f4xx_it.o
                0x00000000080054d4                TIM4_IRQHandler
 .text.USART2_IRQHandler
                0x00000000080054e8       0x14 ./Core/Src/stm32f4xx_it.o
                0x00000000080054e8                USART2_IRQHandler
 .text.EXTI15_10_IRQHandler
                0x00000000080054fc       0x20 ./Core/Src/stm32f4xx_it.o
                0x00000000080054fc                EXTI15_10_IRQHandler
 .text.I2C3_EV_IRQHandler
                0x000000000800551c       0x14 ./Core/Src/stm32f4xx_it.o
                0x000000000800551c                I2C3_EV_IRQHandler
 .text._getpid  0x0000000008005530       0x10 ./Core/Src/syscalls.o
                0x0000000008005530                _getpid
 .text._kill    0x0000000008005540       0x20 ./Core/Src/syscalls.o
                0x0000000008005540                _kill
 .text._exit    0x0000000008005560       0x14 ./Core/Src/syscalls.o
                0x0000000008005560                _exit
 .text._read    0x0000000008005574       0x3a ./Core/Src/syscalls.o
                0x0000000008005574                _read
 .text._write   0x00000000080055ae       0x38 ./Core/Src/syscalls.o
                0x00000000080055ae                _write
 .text._close   0x00000000080055e6       0x18 ./Core/Src/syscalls.o
                0x00000000080055e6                _close
 .text._fstat   0x00000000080055fe       0x20 ./Core/Src/syscalls.o
                0x00000000080055fe                _fstat
 .text._isatty  0x000000000800561e       0x16 ./Core/Src/syscalls.o
                0x000000000800561e                _isatty
 .text._lseek   0x0000000008005634       0x1a ./Core/Src/syscalls.o
                0x0000000008005634                _lseek
 *fill*         0x000000000800564e        0x2 
 .text._sbrk    0x0000000008005650       0x6c ./Core/Src/sysmem.o
                0x0000000008005650                _sbrk
 .text.SystemInit
                0x00000000080056bc       0x24 ./Core/Src/system_stm32f4xx.o
                0x00000000080056bc                SystemInit
 .text.cb_init  0x00000000080056e0       0x50 ./Core/Src/middleware/cbuffer.o
                0x00000000080056e0                cb_init
 .text.cb_read  0x0000000008005730       0xe4 ./Core/Src/middleware/cbuffer.o
                0x0000000008005730                cb_read
 .text.cb_write
                0x0000000008005814       0xa8 ./Core/Src/middleware/cbuffer.o
                0x0000000008005814                cb_write
 .text.cb_data_count
                0x00000000080058bc       0x7c ./Core/Src/middleware/cbuffer.o
                0x00000000080058bc                cb_data_count
 .text.mdv_snake_food_random
                0x0000000008005938       0x98 ./Core/Src/middleware/snake_game.o
                0x0000000008005938                mdv_snake_food_random
 .text.mdv_snake_move
                0x00000000080059d0      0x2c6 ./Core/Src/middleware/snake_game.o
                0x00000000080059d0                mdv_snake_move
 .text.mdv_snake_check_gameover
                0x0000000008005c96      0x14e ./Core/Src/middleware/snake_game.o
                0x0000000008005c96                mdv_snake_check_gameover
 .text.mdv_snake_check_food
                0x0000000008005de4       0xea ./Core/Src/middleware/snake_game.o
                0x0000000008005de4                mdv_snake_check_food
 .text.mdv_snake_check_button
                0x0000000008005ece       0xdc ./Core/Src/middleware/snake_game.o
                0x0000000008005ece                mdv_snake_check_button
 .text.mdv_snake_clear_map
                0x0000000008005faa       0x58 ./Core/Src/middleware/snake_game.o
                0x0000000008005faa                mdv_snake_clear_map
 *fill*         0x0000000008006002        0x2 
 .text.mdv_snake_map_mode
                0x0000000008006004      0x398 ./Core/Src/middleware/snake_game.o
                0x0000000008006004                mdv_snake_map_mode
 .text.mdv_snake_win
                0x000000000800639c       0x28 ./Core/Src/middleware/snake_game.o
                0x000000000800639c                mdv_snake_win
 .text.mdv_snake_grid_init
                0x00000000080063c4       0x9c ./Core/Src/middleware/snake_game.o
                0x00000000080063c4                mdv_snake_grid_init
 .text.system_data_init
                0x0000000008006460       0x28 ./Core/Src/system/system_data.o
                0x0000000008006460                system_data_init
 .text.system_data_save_flash
                0x0000000008006488       0x2c ./Core/Src/system/system_data.o
 .text.system_data_get_reminder
                0x00000000080064b4       0x2c ./Core/Src/system/system_data.o
                0x00000000080064b4                system_data_get_reminder
 .text.system_data_get_theme_color
                0x00000000080064e0       0x30 ./Core/Src/system/system_data.o
                0x00000000080064e0                system_data_get_theme_color
 .text.system_data_get_type_clock
                0x0000000008006510       0x30 ./Core/Src/system/system_data.o
                0x0000000008006510                system_data_get_type_clock
 .text.system_data_get_high_score
                0x0000000008006540       0x24 ./Core/Src/system/system_data.o
                0x0000000008006540                system_data_get_high_score
 .text.system_data_set_reminder
                0x0000000008006564       0x38 ./Core/Src/system/system_data.o
                0x0000000008006564                system_data_set_reminder
 .text.system_data_set_theme_color
                0x000000000800659c       0x24 ./Core/Src/system/system_data.o
                0x000000000800659c                system_data_set_theme_color
 .text.system_data_set_type_clock
                0x00000000080065c0       0x24 ./Core/Src/system/system_data.o
                0x00000000080065c0                system_data_set_type_clock
 .text.system_data_set_high_score
                0x00000000080065e4       0x24 ./Core/Src/system/system_data.o
                0x00000000080065e4                system_data_set_high_score
 .text.system_diagnostic_screen
                0x0000000008006608       0x50 ./Core/Src/system/system_diagnostic.o
                0x0000000008006608                system_diagnostic_screen
 .text.system_diagnostic_realtime
                0x0000000008006658       0x50 ./Core/Src/system/system_diagnostic.o
                0x0000000008006658                system_diagnostic_realtime
 .text.system_diagnostic_temp_sensor
                0x00000000080066a8       0x50 ./Core/Src/system/system_diagnostic.o
                0x00000000080066a8                system_diagnostic_temp_sensor
 .text.system_diagnostic_button
                0x00000000080066f8      0x174 ./Core/Src/system/system_diagnostic.o
                0x00000000080066f8                system_diagnostic_button
 .text.system_diagnostic_led_rgb
                0x000000000800686c       0x8c ./Core/Src/system/system_diagnostic.o
                0x000000000800686c                system_diagnostic_led_rgb
 .text.system_diagnostic_buzzer
                0x00000000080068f8      0x148 ./Core/Src/system/system_diagnostic.o
                0x00000000080068f8                system_diagnostic_buzzer
 .text.system_diagnostic_handle
                0x0000000008006a40       0x72 ./Core/Src/system/system_diagnostic.o
                0x0000000008006a40                system_diagnostic_handle
 *fill*         0x0000000008006ab2        0x2 
 .text.system_display_init
                0x0000000008006ab4       0x6c ./Core/Src/system/system_display.o
                0x0000000008006ab4                system_display_init
 .text.system_display_alarm_reminder
                0x0000000008006b20      0x140 ./Core/Src/system/system_display.o
 .text.system_display_update_theme_color
                0x0000000008006c60       0x24 ./Core/Src/system/system_display.o
                0x0000000008006c60                system_display_update_theme_color
 .text.system_display_screen_save
                0x0000000008006c84       0x60 ./Core/Src/system/system_display.o
                0x0000000008006c84                system_display_screen_save
 .text.system_display_time_reminder
                0x0000000008006ce4      0x4e8 ./Core/Src/system/system_display.o
                0x0000000008006ce4                system_display_time_reminder
 .text.system_display_set_time
                0x00000000080071cc      0x22c ./Core/Src/system/system_display.o
                0x00000000080071cc                system_display_set_time
 .text.system_display_snake_game_start
                0x00000000080073f8      0x154 ./Core/Src/system/system_display.o
                0x00000000080073f8                system_display_snake_game_start
 .text.system_display_snake_game_mode_choose
                0x000000000800754c      0x150 ./Core/Src/system/system_display.o
                0x000000000800754c                system_display_snake_game_mode_choose
 .text.system_display_snake_game_level_choose
                0x000000000800769c      0x150 ./Core/Src/system/system_display.o
                0x000000000800769c                system_display_snake_game_level_choose
 .text.system_display_snake_game_over
                0x00000000080077ec      0x188 ./Core/Src/system/system_display.o
                0x00000000080077ec                system_display_snake_game_over
 .text.system_display_snake_game_win
                0x0000000008007974      0x18c ./Core/Src/system/system_display.o
                0x0000000008007974                system_display_snake_game_win
 .text.system_display_snake_game_info
                0x0000000008007b00       0xa0 ./Core/Src/system/system_display.o
                0x0000000008007b00                system_display_snake_game_info
 .text.system_display_snake_game_playground
                0x0000000008007ba0      0x234 ./Core/Src/system/system_display.o
                0x0000000008007ba0                system_display_snake_game_playground
 .text.system_display_time_countdown
                0x0000000008007dd4      0x4b8 ./Core/Src/system/system_display.o
                0x0000000008007dd4                system_display_time_countdown
 .text.system_display_clock
                0x000000000800828c       0x90 ./Core/Src/system/system_display.o
                0x000000000800828c                system_display_clock
 .text.system_display_boot_state
                0x000000000800831c       0x98 ./Core/Src/system/system_display.o
                0x000000000800831c                system_display_boot_state
 .text.system_display_wait_state
                0x00000000080083b4       0x24 ./Core/Src/system/system_display.o
                0x00000000080083b4                system_display_wait_state
 .text.system_display_menu_state
                0x00000000080083d8      0x164 ./Core/Src/system/system_display.o
                0x00000000080083d8                system_display_menu_state
 .text.system_display_diagnostic
                0x000000000800853c      0x154 ./Core/Src/system/system_display.o
                0x000000000800853c                system_display_diagnostic
 .text.system_display_pc_control_mode
                0x0000000008008690      0x138 ./Core/Src/system/system_display.o
                0x0000000008008690                system_display_pc_control_mode
 .text.system_display_category_clock
                0x00000000080087c8      0x148 ./Core/Src/system/system_display.o
                0x00000000080087c8                system_display_category_clock
 .text.system_display_theme_list
                0x0000000008008910      0x148 ./Core/Src/system/system_display.o
                0x0000000008008910                system_display_theme_list
 .text.system_display_is_screen_ready
                0x0000000008008a58       0x1c ./Core/Src/system/system_display.o
                0x0000000008008a58                system_display_is_screen_ready
 .text.system_display_type_clock
                0x0000000008008a74      0x104 ./Core/Src/system/system_display.o
                0x0000000008008a74                system_display_type_clock
 .text.system_display_theme_color
                0x0000000008008b78      0x108 ./Core/Src/system/system_display.o
                0x0000000008008b78                system_display_theme_color
 .text.system_display_clock_handle
                0x0000000008008c80       0x6e ./Core/Src/system/system_display.o
                0x0000000008008c80                system_display_clock_handle
 *fill*         0x0000000008008cee        0x2 
 .text.system_display_update
                0x0000000008008cf0       0x14 ./Core/Src/system/system_display.o
                0x0000000008008cf0                system_display_update
 .text.system_game_init
                0x0000000008008d04       0x24 ./Core/Src/system/system_game.o
                0x0000000008008d04                system_game_init
 .text.system_game_run
                0x0000000008008d28      0x4f0 ./Core/Src/system/system_game.o
                0x0000000008008d28                system_game_run
 .text.system_manager_check_state
                0x0000000008009218      0x1fc ./Core/Src/system/system_manager.o
 .text.system_manager_init
                0x0000000008009414       0x2e ./Core/Src/system/system_manager.o
                0x0000000008009414                system_manager_init
 *fill*         0x0000000008009442        0x2 
 .text.system_manager_run
                0x0000000008009444      0x120 ./Core/Src/system/system_manager.o
                0x0000000008009444                system_manager_run
 .text.str_to_byte
                0x0000000008009564       0x36 ./Core/Src/system/system_pc_control.o
 .text.system_pc_check_year
                0x000000000800959a       0x2a ./Core/Src/system/system_pc_control.o
 .text.system_pc_check_month
                0x00000000080095c4       0x2a ./Core/Src/system/system_pc_control.o
 .text.system_pc_check_day
                0x00000000080095ee       0x2a ./Core/Src/system/system_pc_control.o
 .text.system_pc_check_hour
                0x0000000008009618       0x2a ./Core/Src/system/system_pc_control.o
 .text.system_pc_check_min
                0x0000000008009642       0x2a ./Core/Src/system/system_pc_control.o
 .text.system_pc_check_sec
                0x000000000800966c       0x2a ./Core/Src/system/system_pc_control.o
 .text.system_pc_check_space
                0x0000000008009696       0x42 ./Core/Src/system/system_pc_control.o
 .text.system_pc_check_command_set_time
                0x00000000080096d8       0x74 ./Core/Src/system/system_pc_control.o
 .text.system_pc_reset_command_array
                0x000000000800974c       0x34 ./Core/Src/system/system_pc_control.o
 .text.system_pc_control_reset
                0x0000000008009780       0x18 ./Core/Src/system/system_pc_control.o
                0x0000000008009780                system_pc_control_reset
 .text.system_pc_control_init
                0x0000000008009798        0xe ./Core/Src/system/system_pc_control.o
                0x0000000008009798                system_pc_control_init
 *fill*         0x00000000080097a6        0x2 
 .text.system_pc_control_set_time
                0x00000000080097a8       0xb4 ./Core/Src/system/system_pc_control.o
                0x00000000080097a8                system_pc_control_set_time
 .text.system_pc_control_set_reminder
                0x000000000800985c       0xb4 ./Core/Src/system/system_pc_control.o
                0x000000000800985c                system_pc_control_set_reminder
 .text.system_pc_control_set_theme
                0x0000000008009910       0xe0 ./Core/Src/system/system_pc_control.o
                0x0000000008009910                system_pc_control_set_theme
 .text.system_pc_control_handle
                0x00000000080099f0       0x42 ./Core/Src/system/system_pc_control.o
                0x00000000080099f0                system_pc_control_handle
 .text.str_to_byte
                0x0000000008009a32       0x36 ./Core/Src/system/system_time.o
 .text.system_time_update_reminder
                0x0000000008009a68       0x28 ./Core/Src/system/system_time.o
                0x0000000008009a68                system_time_update_reminder
 .text.system_time_init
                0x0000000008009a90       0x64 ./Core/Src/system/system_time.o
                0x0000000008009a90                system_time_init
 .text.system_time_alarm_set_callback
                0x0000000008009af4       0x20 ./Core/Src/system/system_time.o
                0x0000000008009af4                system_time_alarm_set_callback
 .text.system_time_save_reminder
                0x0000000008009b14       0x38 ./Core/Src/system/system_time.o
                0x0000000008009b14                system_time_save_reminder
 .text.system_time_set_reminder
                0x0000000008009b4c       0xbc ./Core/Src/system/system_time.o
                0x0000000008009b4c                system_time_set_reminder
 .text.system_time_set_reminder_str
                0x0000000008009c08      0x108 ./Core/Src/system/system_time.o
                0x0000000008009c08                system_time_set_reminder_str
 .text.system_time_get_reminder
                0x0000000008009d10       0x18 ./Core/Src/system/system_time.o
                0x0000000008009d10                system_time_get_reminder
 .text.system_time_number_reminder
                0x0000000008009d28       0x50 ./Core/Src/system/system_time.o
                0x0000000008009d28                system_time_number_reminder
 .text.system_time_clear_reminder
                0x0000000008009d78       0x50 ./Core/Src/system/system_time.o
                0x0000000008009d78                system_time_clear_reminder
 .text.system_time_get_epoch_time
                0x0000000008009dc8       0x34 ./Core/Src/system/system_time.o
                0x0000000008009dc8                system_time_get_epoch_time
 .text.system_time_get_date_time
                0x0000000008009dfc       0x3c ./Core/Src/system/system_time.o
                0x0000000008009dfc                system_time_get_date_time
 .text.system_time_set_value
                0x0000000008009e38       0x7c ./Core/Src/system/system_time.o
                0x0000000008009e38                system_time_set_value
 .text.bsp_tim11_handle
                0x0000000008009eb4       0xcc ./Core/Src/system/system_time.o
                0x0000000008009eb4                bsp_tim11_handle
 .text.check_leap_year
                0x0000000008009f80       0x60 ./Core/Src/system/system_time.o
 .text.day_of_month
                0x0000000008009fe0       0x80 ./Core/Src/system/system_time.o
 .text.system_time_change
                0x000000000800a060      0x1a8 ./Core/Src/system/system_time.o
                0x000000000800a060                system_time_change
 .text.system_time_is_realtime_ready
                0x000000000800a208       0x1c ./Core/Src/system/system_time.o
                0x000000000800a208                system_time_is_realtime_ready
 .text.system_time_is_temp_sensor_ready
                0x000000000800a224       0x1c ./Core/Src/system/system_time.o
                0x000000000800a224                system_time_is_temp_sensor_ready
 .text.Reset_Handler
                0x000000000800a240       0x50 ./Core/Startup/startup_stm32f411retx.o
                0x000000000800a240                Reset_Handler
 .text.Default_Handler
                0x000000000800a290        0x2 ./Core/Startup/startup_stm32f411retx.o
                0x000000000800a290                RTC_Alarm_IRQHandler
                0x000000000800a290                SPI4_IRQHandler
                0x000000000800a290                TIM1_CC_IRQHandler
                0x000000000800a290                DMA2_Stream5_IRQHandler
                0x000000000800a290                PVD_IRQHandler
                0x000000000800a290                SDIO_IRQHandler
                0x000000000800a290                TAMP_STAMP_IRQHandler
                0x000000000800a290                TIM1_UP_TIM10_IRQHandler
                0x000000000800a290                I2C3_ER_IRQHandler
                0x000000000800a290                EXTI0_IRQHandler
                0x000000000800a290                I2C2_EV_IRQHandler
                0x000000000800a290                DMA1_Stream2_IRQHandler
                0x000000000800a290                FPU_IRQHandler
                0x000000000800a290                DMA2_Stream2_IRQHandler
                0x000000000800a290                SPI1_IRQHandler
                0x000000000800a290                DMA2_Stream3_IRQHandler
                0x000000000800a290                USART6_IRQHandler
                0x000000000800a290                DMA2_Stream0_IRQHandler
                0x000000000800a290                I2C1_EV_IRQHandler
                0x000000000800a290                DMA1_Stream1_IRQHandler
                0x000000000800a290                RCC_IRQHandler
                0x000000000800a290                Default_Handler
                0x000000000800a290                ADC_IRQHandler
                0x000000000800a290                DMA1_Stream7_IRQHandler
                0x000000000800a290                SPI5_IRQHandler
                0x000000000800a290                TIM5_IRQHandler
                0x000000000800a290                DMA2_Stream7_IRQHandler
                0x000000000800a290                RTC_WKUP_IRQHandler
                0x000000000800a290                SPI2_IRQHandler
                0x000000000800a290                DMA1_Stream0_IRQHandler
                0x000000000800a290                EXTI4_IRQHandler
                0x000000000800a290                WWDG_IRQHandler
                0x000000000800a290                TIM2_IRQHandler
                0x000000000800a290                OTG_FS_WKUP_IRQHandler
                0x000000000800a290                EXTI1_IRQHandler
                0x000000000800a290                I2C2_ER_IRQHandler
                0x000000000800a290                DMA2_Stream1_IRQHandler
                0x000000000800a290                FLASH_IRQHandler
                0x000000000800a290                DMA2_Stream4_IRQHandler
                0x000000000800a290                USART1_IRQHandler
                0x000000000800a290                OTG_FS_IRQHandler
                0x000000000800a290                SPI3_IRQHandler
                0x000000000800a290                I2C1_ER_IRQHandler
                0x000000000800a290                DMA2_Stream6_IRQHandler
                0x000000000800a290                DMA1_Stream3_IRQHandler
 *fill*         0x000000000800a292        0x2 
 .text.HAL_Init
                0x000000000800a294       0x44 ./Drivers/STM32F4xx_HAL_Driver/Src/stm32f4xx_hal.o
                0x000000000800a294                HAL_Init
 .text.HAL_InitTick
                0x000000000800a2d8       0x60 ./Drivers/STM32F4xx_HAL_Driver/Src/stm32f4xx_hal.o
                0x000000000800a2d8                HAL_InitTick
 .text.HAL_IncTick
                0x000000000800a338       0x28 ./Drivers/STM32F4xx_HAL_Driver/Src/stm32f4xx_hal.o
                0x000000000800a338                HAL_IncTick
 .text.HAL_GetTick
                0x000000000800a360       0x18 ./Drivers/STM32F4xx_HAL_Driver/Src/stm32f4xx_hal.o
                0x000000000800a360                HAL_GetTick
 .text.HAL_Delay
                0x000000000800a378       0x48 ./Drivers/STM32F4xx_HAL_Driver/Src/stm32f4xx_hal.o
                0x000000000800a378                HAL_Delay
 .text.__NVIC_SetPriorityGrouping
                0x000000000800a3c0       0x48 ./Drivers/STM32F4xx_HAL_Driver/Src/stm32f4xx_hal_cortex.o
 .text.__NVIC_GetPriorityGrouping
                0x000000000800a408       0x1c ./Drivers/STM32F4xx_HAL_Driver/Src/stm32f4xx_hal_cortex.o
 .text.__NVIC_EnableIRQ
                0x000000000800a424       0x3c ./Drivers/STM32F4xx_HAL_Driver/Src/stm32f4xx_hal_cortex.o
 .text.__NVIC_SetPriority
                0x000000000800a460       0x54 ./Drivers/STM32F4xx_HAL_Driver/Src/stm32f4xx_hal_cortex.o
 .text.NVIC_EncodePriority
                0x000000000800a4b4       0x66 ./Drivers/STM32F4xx_HAL_Driver/Src/stm32f4xx_hal_cortex.o
 *fill*         0x000000000800a51a        0x2 
 .text.SysTick_Config
                0x000000000800a51c       0x44 ./Drivers/STM32F4xx_HAL_Driver/Src/stm32f4xx_hal_cortex.o
 .text.HAL_NVIC_SetPriorityGrouping
                0x000000000800a560       0x16 ./Drivers/STM32F4xx_HAL_Driver/Src/stm32f4xx_hal_cortex.o
                0x000000000800a560                HAL_NVIC_SetPriorityGrouping
 .text.HAL_NVIC_SetPriority
                0x000000000800a576       0x38 ./Drivers/STM32F4xx_HAL_Driver/Src/stm32f4xx_hal_cortex.o
                0x000000000800a576                HAL_NVIC_SetPriority
 .text.HAL_NVIC_EnableIRQ
                0x000000000800a5ae       0x1c ./Drivers/STM32F4xx_HAL_Driver/Src/stm32f4xx_hal_cortex.o
                0x000000000800a5ae                HAL_NVIC_EnableIRQ
 .text.HAL_SYSTICK_Config
                0x000000000800a5ca       0x18 ./Drivers/STM32F4xx_HAL_Driver/Src/stm32f4xx_hal_cortex.o
                0x000000000800a5ca                HAL_SYSTICK_Config
 *fill*         0x000000000800a5e2        0x2 
 .text.HAL_DMA_Init
                0x000000000800a5e4      0x15c ./Drivers/STM32F4xx_HAL_Driver/Src/stm32f4xx_hal_dma.o
                0x000000000800a5e4                HAL_DMA_Init
 .text.HAL_DMA_Start_IT
                0x000000000800a740       0xb0 ./Drivers/STM32F4xx_HAL_Driver/Src/stm32f4xx_hal_dma.o
                0x000000000800a740                HAL_DMA_Start_IT
 .text.HAL_DMA_Abort
                0x000000000800a7f0       0xe0 ./Drivers/STM32F4xx_HAL_Driver/Src/stm32f4xx_hal_dma.o
                0x000000000800a7f0                HAL_DMA_Abort
 .text.HAL_DMA_Abort_IT
                0x000000000800a8d0       0x44 ./Drivers/STM32F4xx_HAL_Driver/Src/stm32f4xx_hal_dma.o
                0x000000000800a8d0                HAL_DMA_Abort_IT
 .text.HAL_DMA_IRQHandler
                0x000000000800a914      0x314 ./Drivers/STM32F4xx_HAL_Driver/Src/stm32f4xx_hal_dma.o
                0x000000000800a914                HAL_DMA_IRQHandler
 .text.HAL_DMA_GetState
                0x000000000800ac28       0x1c ./Drivers/STM32F4xx_HAL_Driver/Src/stm32f4xx_hal_dma.o
                0x000000000800ac28                HAL_DMA_GetState
 .text.HAL_DMA_GetError
                0x000000000800ac44       0x18 ./Drivers/STM32F4xx_HAL_Driver/Src/stm32f4xx_hal_dma.o
                0x000000000800ac44                HAL_DMA_GetError
 .text.DMA_SetConfig
                0x000000000800ac5c       0x5c ./Drivers/STM32F4xx_HAL_Driver/Src/stm32f4xx_hal_dma.o
 .text.DMA_CalcBaseAndBitshift
                0x000000000800acb8       0x6c ./Drivers/STM32F4xx_HAL_Driver/Src/stm32f4xx_hal_dma.o
 .text.DMA_CheckFifoParam
                0x000000000800ad24       0xf8 ./Drivers/STM32F4xx_HAL_Driver/Src/stm32f4xx_hal_dma.o
 .text.HAL_GPIO_Init
                0x000000000800ae1c      0x308 ./Drivers/STM32F4xx_HAL_Driver/Src/stm32f4xx_hal_gpio.o
                0x000000000800ae1c                HAL_GPIO_Init
 .text.HAL_GPIO_ReadPin
                0x000000000800b124       0x30 ./Drivers/STM32F4xx_HAL_Driver/Src/stm32f4xx_hal_gpio.o
                0x000000000800b124                HAL_GPIO_ReadPin
 .text.HAL_GPIO_EXTI_IRQHandler
                0x000000000800b154       0x30 ./Drivers/STM32F4xx_HAL_Driver/Src/stm32f4xx_hal_gpio.o
                0x000000000800b154                HAL_GPIO_EXTI_IRQHandler
 .text.HAL_I2C_Init
                0x000000000800b184      0x288 ./Drivers/STM32F4xx_HAL_Driver/Src/stm32f4xx_hal_i2c.o
                0x000000000800b184                HAL_I2C_Init
 .text.HAL_I2C_Mem_Write
                0x000000000800b40c      0x1f4 ./Drivers/STM32F4xx_HAL_Driver/Src/stm32f4xx_hal_i2c.o
                0x000000000800b40c                HAL_I2C_Mem_Write
 .text.HAL_I2C_Mem_Read
                0x000000000800b600      0x44c ./Drivers/STM32F4xx_HAL_Driver/Src/stm32f4xx_hal_i2c.o
                0x000000000800b600                HAL_I2C_Mem_Read
 .text.HAL_I2C_Mem_Write_DMA
                0x000000000800ba4c      0x2c8 ./Drivers/STM32F4xx_HAL_Driver/Src/stm32f4xx_hal_i2c.o
                0x000000000800ba4c                HAL_I2C_Mem_Write_DMA
 .text.HAL_I2C_IsDeviceReady
                0x000000000800bd14      0x25c ./Drivers/STM32F4xx_HAL_Driver/Src/stm32f4xx_hal_i2c.o
                0x000000000800bd14                HAL_I2C_IsDeviceReady
 .text.HAL_I2C_EV_IRQHandler
                0x000000000800bf70      0x2e2 ./Drivers/STM32F4xx_HAL_Driver/Src/stm32f4xx_hal_i2c.o
                0x000000000800bf70                HAL_I2C_EV_IRQHandler
 .text.HAL_I2C_MasterTxCpltCallback
                0x000000000800c252       0x14 ./Drivers/STM32F4xx_HAL_Driver/Src/stm32f4xx_hal_i2c.o
                0x000000000800c252                HAL_I2C_MasterTxCpltCallback
 .text.HAL_I2C_MasterRxCpltCallback
                0x000000000800c266       0x14 ./Drivers/STM32F4xx_HAL_Driver/Src/stm32f4xx_hal_i2c.o
                0x000000000800c266                HAL_I2C_MasterRxCpltCallback
 .text.HAL_I2C_SlaveTxCpltCallback
                0x000000000800c27a       0x14 ./Drivers/STM32F4xx_HAL_Driver/Src/stm32f4xx_hal_i2c.o
                0x000000000800c27a                HAL_I2C_SlaveTxCpltCallback
 .text.HAL_I2C_SlaveRxCpltCallback
                0x000000000800c28e       0x14 ./Drivers/STM32F4xx_HAL_Driver/Src/stm32f4xx_hal_i2c.o
                0x000000000800c28e                HAL_I2C_SlaveRxCpltCallback
 .text.HAL_I2C_AddrCallback
                0x000000000800c2a2       0x1c ./Drivers/STM32F4xx_HAL_Driver/Src/stm32f4xx_hal_i2c.o
                0x000000000800c2a2                HAL_I2C_AddrCallback
 .text.HAL_I2C_ListenCpltCallback
                0x000000000800c2be       0x14 ./Drivers/STM32F4xx_HAL_Driver/Src/stm32f4xx_hal_i2c.o
                0x000000000800c2be                HAL_I2C_ListenCpltCallback
 .text.HAL_I2C_ErrorCallback
                0x000000000800c2d2       0x14 ./Drivers/STM32F4xx_HAL_Driver/Src/stm32f4xx_hal_i2c.o
                0x000000000800c2d2                HAL_I2C_ErrorCallback
 .text.HAL_I2C_AbortCpltCallback
                0x000000000800c2e6       0x14 ./Drivers/STM32F4xx_HAL_Driver/Src/stm32f4xx_hal_i2c.o
                0x000000000800c2e6                HAL_I2C_AbortCpltCallback
 .text.HAL_I2C_GetState
                0x000000000800c2fa       0x1c ./Drivers/STM32F4xx_HAL_Driver/Src/stm32f4xx_hal_i2c.o
                0x000000000800c2fa                HAL_I2C_GetState
 .text.I2C_MasterTransmit_TXE
                0x000000000800c316      0x138 ./Drivers/STM32F4xx_HAL_Driver/Src/stm32f4xx_hal_i2c.o
 .text.I2C_MasterTransmit_BTF
                0x000000000800c44e       0xec ./Drivers/STM32F4xx_HAL_Driver/Src/stm32f4xx_hal_i2c.o
 .text.I2C_MemoryTransmit_TXE_BTF
                0x000000000800c53a      0x128 ./Drivers/STM32F4xx_HAL_Driver/Src/stm32f4xx_hal_i2c.o
 .text.I2C_MasterReceive_RXNE
                0x000000000800c662      0x176 ./Drivers/STM32F4xx_HAL_Driver/Src/stm32f4xx_hal_i2c.o
 .text.I2C_MasterReceive_BTF
                0x000000000800c7d8      0x1d4 ./Drivers/STM32F4xx_HAL_Driver/Src/stm32f4xx_hal_i2c.o
 .text.I2C_Master_SB
                0x000000000800c9ac      0x10c ./Drivers/STM32F4xx_HAL_Driver/Src/stm32f4xx_hal_i2c.o
 .text.I2C_Master_ADD10
                0x000000000800cab8       0x54 ./Drivers/STM32F4xx_HAL_Driver/Src/stm32f4xx_hal_i2c.o
 .text.I2C_Master_ADDR
                0x000000000800cb0c      0x322 ./Drivers/STM32F4xx_HAL_Driver/Src/stm32f4xx_hal_i2c.o
 .text.I2C_SlaveTransmit_TXE
                0x000000000800ce2e       0x7a ./Drivers/STM32F4xx_HAL_Driver/Src/stm32f4xx_hal_i2c.o
 .text.I2C_SlaveTransmit_BTF
                0x000000000800cea8       0x42 ./Drivers/STM32F4xx_HAL_Driver/Src/stm32f4xx_hal_i2c.o
 .text.I2C_SlaveReceive_RXNE
                0x000000000800ceea       0x7c ./Drivers/STM32F4xx_HAL_Driver/Src/stm32f4xx_hal_i2c.o
 .text.I2C_SlaveReceive_BTF
                0x000000000800cf66       0x44 ./Drivers/STM32F4xx_HAL_Driver/Src/stm32f4xx_hal_i2c.o
 .text.I2C_Slave_ADDR
                0x000000000800cfaa       0x94 ./Drivers/STM32F4xx_HAL_Driver/Src/stm32f4xx_hal_i2c.o
 *fill*         0x000000000800d03e        0x2 
 .text.I2C_Slave_STOPF
                0x000000000800d040      0x260 ./Drivers/STM32F4xx_HAL_Driver/Src/stm32f4xx_hal_i2c.o
 .text.I2C_ITError
                0x000000000800d2a0      0x264 ./Drivers/STM32F4xx_HAL_Driver/Src/stm32f4xx_hal_i2c.o
 .text.I2C_RequestMemoryWrite
                0x000000000800d504      0x12c ./Drivers/STM32F4xx_HAL_Driver/Src/stm32f4xx_hal_i2c.o
 .text.I2C_RequestMemoryRead
                0x000000000800d630      0x1d0 ./Drivers/STM32F4xx_HAL_Driver/Src/stm32f4xx_hal_i2c.o
 .text.I2C_DMAXferCplt
                0x000000000800d800      0x1aa ./Drivers/STM32F4xx_HAL_Driver/Src/stm32f4xx_hal_i2c.o
 .text.I2C_DMAError
                0x000000000800d9aa       0x7a ./Drivers/STM32F4xx_HAL_Driver/Src/stm32f4xx_hal_i2c.o
 .text.I2C_DMAAbort
                0x000000000800da24      0x150 ./Drivers/STM32F4xx_HAL_Driver/Src/stm32f4xx_hal_i2c.o
 .text.I2C_WaitOnFlagUntilTimeout
                0x000000000800db74       0xae ./Drivers/STM32F4xx_HAL_Driver/Src/stm32f4xx_hal_i2c.o
 .text.I2C_WaitOnMasterAddressFlagUntilTimeout
                0x000000000800dc22       0xfe ./Drivers/STM32F4xx_HAL_Driver/Src/stm32f4xx_hal_i2c.o
 .text.I2C_WaitOnTXEFlagUntilTimeout
                0x000000000800dd20       0x82 ./Drivers/STM32F4xx_HAL_Driver/Src/stm32f4xx_hal_i2c.o
 .text.I2C_WaitOnBTFFlagUntilTimeout
                0x000000000800dda2       0x82 ./Drivers/STM32F4xx_HAL_Driver/Src/stm32f4xx_hal_i2c.o
 .text.I2C_WaitOnSTOPRequestThroughIT
                0x000000000800de24       0x64 ./Drivers/STM32F4xx_HAL_Driver/Src/stm32f4xx_hal_i2c.o
 .text.I2C_WaitOnRXNEFlagUntilTimeout
                0x000000000800de88       0xac ./Drivers/STM32F4xx_HAL_Driver/Src/stm32f4xx_hal_i2c.o
 .text.I2C_IsAcknowledgeFailed
                0x000000000800df34       0x5e ./Drivers/STM32F4xx_HAL_Driver/Src/stm32f4xx_hal_i2c.o
 .text.I2C_ConvertOtherXferOptions
                0x000000000800df92       0x36 ./Drivers/STM32F4xx_HAL_Driver/Src/stm32f4xx_hal_i2c.o
 .text.HAL_RCC_OscConfig
                0x000000000800dfc8      0x4f0 ./Drivers/STM32F4xx_HAL_Driver/Src/stm32f4xx_hal_rcc.o
                0x000000000800dfc8                HAL_RCC_OscConfig
 .text.HAL_RCC_ClockConfig
                0x000000000800e4b8      0x1cc ./Drivers/STM32F4xx_HAL_Driver/Src/stm32f4xx_hal_rcc.o
                0x000000000800e4b8                HAL_RCC_ClockConfig
 .text.HAL_RCC_GetSysClockFreq
                0x000000000800e684      0x20c ./Drivers/STM32F4xx_HAL_Driver/Src/stm32f4xx_hal_rcc.o
                0x000000000800e684                HAL_RCC_GetSysClockFreq
 .text.HAL_RCC_GetHCLKFreq
                0x000000000800e890       0x18 ./Drivers/STM32F4xx_HAL_Driver/Src/stm32f4xx_hal_rcc.o
                0x000000000800e890                HAL_RCC_GetHCLKFreq
 .text.HAL_RCC_GetPCLK1Freq
                0x000000000800e8a8       0x28 ./Drivers/STM32F4xx_HAL_Driver/Src/stm32f4xx_hal_rcc.o
                0x000000000800e8a8                HAL_RCC_GetPCLK1Freq
 .text.HAL_RCC_GetPCLK2Freq
                0x000000000800e8d0       0x28 ./Drivers/STM32F4xx_HAL_Driver/Src/stm32f4xx_hal_rcc.o
                0x000000000800e8d0                HAL_RCC_GetPCLK2Freq
 .text.HAL_TIM_Base_Init
                0x000000000800e8f8       0x9e ./Drivers/STM32F4xx_HAL_Driver/Src/stm32f4xx_hal_tim.o
                0x000000000800e8f8                HAL_TIM_Base_Init
 *fill*         0x000000000800e996        0x2 
 .text.HAL_TIM_Base_Start_IT
                0x000000000800e998       0xc4 ./Drivers/STM32F4xx_HAL_Driver/Src/stm32f4xx_hal_tim.o
                0x000000000800e998                HAL_TIM_Base_Start_IT
 .text.HAL_TIM_PWM_Init
                0x000000000800ea5c       0x9e ./Drivers/STM32F4xx_HAL_Driver/Src/stm32f4xx_hal_tim.o
                0x000000000800ea5c                HAL_TIM_PWM_Init
 .text.HAL_TIM_PWM_MspInit
                0x000000000800eafa       0x14 ./Drivers/STM32F4xx_HAL_Driver/Src/stm32f4xx_hal_tim.o
                0x000000000800eafa                HAL_TIM_PWM_MspInit
 *fill*         0x000000000800eb0e        0x2 
 .text.HAL_TIM_PWM_Start
                0x000000000800eb10      0x160 ./Drivers/STM32F4xx_HAL_Driver/Src/stm32f4xx_hal_tim.o
                0x000000000800eb10                HAL_TIM_PWM_Start
 .text.HAL_TIM_IRQHandler
                0x000000000800ec70      0x210 ./Drivers/STM32F4xx_HAL_Driver/Src/stm32f4xx_hal_tim.o
                0x000000000800ec70                HAL_TIM_IRQHandler
 .text.HAL_TIM_PWM_ConfigChannel
                0x000000000800ee80      0x184 ./Drivers/STM32F4xx_HAL_Driver/Src/stm32f4xx_hal_tim.o
                0x000000000800ee80                HAL_TIM_PWM_ConfigChannel
 .text.HAL_TIM_ConfigClockSource
                0x000000000800f004      0x18e ./Drivers/STM32F4xx_HAL_Driver/Src/stm32f4xx_hal_tim.o
                0x000000000800f004                HAL_TIM_ConfigClockSource
 .text.HAL_TIM_OC_DelayElapsedCallback
                0x000000000800f192       0x14 ./Drivers/STM32F4xx_HAL_Driver/Src/stm32f4xx_hal_tim.o
                0x000000000800f192                HAL_TIM_OC_DelayElapsedCallback
 .text.HAL_TIM_IC_CaptureCallback
                0x000000000800f1a6       0x14 ./Drivers/STM32F4xx_HAL_Driver/Src/stm32f4xx_hal_tim.o
                0x000000000800f1a6                HAL_TIM_IC_CaptureCallback
 .text.HAL_TIM_PWM_PulseFinishedCallback
                0x000000000800f1ba       0x14 ./Drivers/STM32F4xx_HAL_Driver/Src/stm32f4xx_hal_tim.o
                0x000000000800f1ba                HAL_TIM_PWM_PulseFinishedCallback
 .text.HAL_TIM_TriggerCallback
                0x000000000800f1ce       0x14 ./Drivers/STM32F4xx_HAL_Driver/Src/stm32f4xx_hal_tim.o
                0x000000000800f1ce                HAL_TIM_TriggerCallback
 *fill*         0x000000000800f1e2        0x2 
 .text.TIM_Base_SetConfig
                0x000000000800f1e4      0x100 ./Drivers/STM32F4xx_HAL_Driver/Src/stm32f4xx_hal_tim.o
                0x000000000800f1e4                TIM_Base_SetConfig
 .text.TIM_OC1_SetConfig
                0x000000000800f2e4       0xcc ./Drivers/STM32F4xx_HAL_Driver/Src/stm32f4xx_hal_tim.o
 .text.TIM_OC2_SetConfig
                0x000000000800f3b0       0xd8 ./Drivers/STM32F4xx_HAL_Driver/Src/stm32f4xx_hal_tim.o
                0x000000000800f3b0                TIM_OC2_SetConfig
 .text.TIM_OC3_SetConfig
                0x000000000800f488       0xd4 ./Drivers/STM32F4xx_HAL_Driver/Src/stm32f4xx_hal_tim.o
 .text.TIM_OC4_SetConfig
                0x000000000800f55c       0xa0 ./Drivers/STM32F4xx_HAL_Driver/Src/stm32f4xx_hal_tim.o
 .text.TIM_TI1_ConfigInputStage
                0x000000000800f5fc       0x5e ./Drivers/STM32F4xx_HAL_Driver/Src/stm32f4xx_hal_tim.o
 .text.TIM_TI2_ConfigInputStage
                0x000000000800f65a       0x60 ./Drivers/STM32F4xx_HAL_Driver/Src/stm32f4xx_hal_tim.o
 .text.TIM_ITRx_SetConfig
                0x000000000800f6ba       0x36 ./Drivers/STM32F4xx_HAL_Driver/Src/stm32f4xx_hal_tim.o
 .text.TIM_ETR_SetConfig
                0x000000000800f6f0       0x40 ./Drivers/STM32F4xx_HAL_Driver/Src/stm32f4xx_hal_tim.o
                0x000000000800f6f0                TIM_ETR_SetConfig
 .text.TIM_CCxChannelCmd
                0x000000000800f730       0x4a ./Drivers/STM32F4xx_HAL_Driver/Src/stm32f4xx_hal_tim.o
                0x000000000800f730                TIM_CCxChannelCmd
 *fill*         0x000000000800f77a        0x2 
 .text.HAL_TIMEx_MasterConfigSynchronization
                0x000000000800f77c       0xdc ./Drivers/STM32F4xx_HAL_Driver/Src/stm32f4xx_hal_tim_ex.o
                0x000000000800f77c                HAL_TIMEx_MasterConfigSynchronization
 .text.HAL_TIMEx_CommutCallback
                0x000000000800f858       0x14 ./Drivers/STM32F4xx_HAL_Driver/Src/stm32f4xx_hal_tim_ex.o
                0x000000000800f858                HAL_TIMEx_CommutCallback
 .text.HAL_TIMEx_BreakCallback
                0x000000000800f86c       0x14 ./Drivers/STM32F4xx_HAL_Driver/Src/stm32f4xx_hal_tim_ex.o
                0x000000000800f86c                HAL_TIMEx_BreakCallback
 .text.HAL_UART_Init
                0x000000000800f880       0x9a ./Drivers/STM32F4xx_HAL_Driver/Src/stm32f4xx_hal_uart.o
                0x000000000800f880                HAL_UART_Init
 .text.HAL_UART_Transmit
                0x000000000800f91a      0x124 ./Drivers/STM32F4xx_HAL_Driver/Src/stm32f4xx_hal_uart.o
                0x000000000800f91a                HAL_UART_Transmit
 .text.HAL_UARTEx_ReceiveToIdle_DMA
                0x000000000800fa3e       0xca ./Drivers/STM32F4xx_HAL_Driver/Src/stm32f4xx_hal_uart.o
                0x000000000800fa3e                HAL_UARTEx_ReceiveToIdle_DMA
 .text.HAL_UART_IRQHandler
                0x000000000800fb08      0x51c ./Drivers/STM32F4xx_HAL_Driver/Src/stm32f4xx_hal_uart.o
                0x000000000800fb08                HAL_UART_IRQHandler
 .text.HAL_UART_TxCpltCallback
                0x0000000008010024       0x14 ./Drivers/STM32F4xx_HAL_Driver/Src/stm32f4xx_hal_uart.o
                0x0000000008010024                HAL_UART_TxCpltCallback
 .text.HAL_UART_RxCpltCallback
                0x0000000008010038       0x14 ./Drivers/STM32F4xx_HAL_Driver/Src/stm32f4xx_hal_uart.o
                0x0000000008010038                HAL_UART_RxCpltCallback
 .text.HAL_UART_RxHalfCpltCallback
                0x000000000801004c       0x14 ./Drivers/STM32F4xx_HAL_Driver/Src/stm32f4xx_hal_uart.o
                0x000000000801004c                HAL_UART_RxHalfCpltCallback
 .text.HAL_UART_ErrorCallback
                0x0000000008010060       0x14 ./Drivers/STM32F4xx_HAL_Driver/Src/stm32f4xx_hal_uart.o
                0x0000000008010060                HAL_UART_ErrorCallback
 .text.UART_DMAReceiveCplt
                0x0000000008010074      0x126 ./Drivers/STM32F4xx_HAL_Driver/Src/stm32f4xx_hal_uart.o
 .text.UART_DMARxHalfCplt
                0x000000000801019a       0x36 ./Drivers/STM32F4xx_HAL_Driver/Src/stm32f4xx_hal_uart.o
 .text.UART_DMAError
                0x00000000080101d0       0x94 ./Drivers/STM32F4xx_HAL_Driver/Src/stm32f4xx_hal_uart.o
 .text.UART_WaitOnFlagUntilTimeout
                0x0000000008010264       0xdc ./Drivers/STM32F4xx_HAL_Driver/Src/stm32f4xx_hal_uart.o
 .text.UART_Start_Receive_DMA
                0x0000000008010340      0x13c ./Drivers/STM32F4xx_HAL_Driver/Src/stm32f4xx_hal_uart.o
                0x0000000008010340                UART_Start_Receive_DMA
 .text.UART_EndTxTransfer
                0x000000000801047c       0x50 ./Drivers/STM32F4xx_HAL_Driver/Src/stm32f4xx_hal_uart.o
 .text.UART_EndRxTransfer
                0x00000000080104cc       0xc6 ./Drivers/STM32F4xx_HAL_Driver/Src/stm32f4xx_hal_uart.o
 .text.UART_DMAAbortOnError
                0x0000000008010592       0x28 ./Drivers/STM32F4xx_HAL_Driver/Src/stm32f4xx_hal_uart.o
 .text.UART_Transmit_IT
                0x00000000080105ba       0xa0 ./Drivers/STM32F4xx_HAL_Driver/Src/stm32f4xx_hal_uart.o
 .text.UART_EndTransmit_IT
                0x000000000801065a       0x30 ./Drivers/STM32F4xx_HAL_Driver/Src/stm32f4xx_hal_uart.o
 .text.UART_Receive_IT
                0x000000000801068a      0x176 ./Drivers/STM32F4xx_HAL_Driver/Src/stm32f4xx_hal_uart.o
 .text.UART_SetConfig
                0x0000000008010800      0x4e8 ./Drivers/STM32F4xx_HAL_Driver/Src/stm32f4xx_hal_uart.o
 .text.__errno  0x0000000008010ce8        0xc d:/stm32cubeide/stm32cubeide_1.12.0/stm32cubeide/plugins/com.st.stm32cube.ide.mcu.externaltools.gnu-tools-for-stm32.10.3-2021.10.win32_1.0.200.202301161003/tools/bin/../lib/gcc/arm-none-eabi/10.3.1/../../../../arm-none-eabi/lib/thumb/v7e-m+fp/hard\libc_nano.a(lib_a-errno.o)
                0x0000000008010ce8                __errno
 .text.__libc_init_array
                0x0000000008010cf4       0x48 d:/stm32cubeide/stm32cubeide_1.12.0/stm32cubeide/plugins/com.st.stm32cube.ide.mcu.externaltools.gnu-tools-for-stm32.10.3-2021.10.win32_1.0.200.202301161003/tools/bin/../lib/gcc/arm-none-eabi/10.3.1/../../../../arm-none-eabi/lib/thumb/v7e-m+fp/hard\libc_nano.a(lib_a-init.o)
                0x0000000008010cf4                __libc_init_array
 .text.localtime
                0x0000000008010d3c       0x3c d:/stm32cubeide/stm32cubeide_1.12.0/stm32cubeide/plugins/com.st.stm32cube.ide.mcu.externaltools.gnu-tools-for-stm32.10.3-2021.10.win32_1.0.200.202301161003/tools/bin/../lib/gcc/arm-none-eabi/10.3.1/../../../../arm-none-eabi/lib/thumb/v7e-m+fp/hard\libc_nano.a(lib_a-lcltime.o)
                0x0000000008010d3c                localtime
 .text.localtime_r
                0x0000000008010d78      0x1e8 d:/stm32cubeide/stm32cubeide_1.12.0/stm32cubeide/plugins/com.st.stm32cube.ide.mcu.externaltools.gnu-tools-for-stm32.10.3-2021.10.win32_1.0.200.202301161003/tools/bin/../lib/gcc/arm-none-eabi/10.3.1/../../../../arm-none-eabi/lib/thumb/v7e-m+fp/hard\libc_nano.a(lib_a-lcltime_r.o)
                0x0000000008010d78                localtime_r
 .text.malloc   0x0000000008010f60       0x10 d:/stm32cubeide/stm32cubeide_1.12.0/stm32cubeide/plugins/com.st.stm32cube.ide.mcu.externaltools.gnu-tools-for-stm32.10.3-2021.10.win32_1.0.200.202301161003/tools/bin/../lib/gcc/arm-none-eabi/10.3.1/../../../../arm-none-eabi/lib/thumb/v7e-m+fp/hard\libc_nano.a(lib_a-malloc.o)
                0x0000000008010f60                malloc
 .text.free     0x0000000008010f70       0x10 d:/stm32cubeide/stm32cubeide_1.12.0/stm32cubeide/plugins/com.st.stm32cube.ide.mcu.externaltools.gnu-tools-for-stm32.10.3-2021.10.win32_1.0.200.202301161003/tools/bin/../lib/gcc/arm-none-eabi/10.3.1/../../../../arm-none-eabi/lib/thumb/v7e-m+fp/hard\libc_nano.a(lib_a-malloc.o)
                0x0000000008010f70                free
 .text.memcpy   0x0000000008010f80       0x1c d:/stm32cubeide/stm32cubeide_1.12.0/stm32cubeide/plugins/com.st.stm32cube.ide.mcu.externaltools.gnu-tools-for-stm32.10.3-2021.10.win32_1.0.200.202301161003/tools/bin/../lib/gcc/arm-none-eabi/10.3.1/../../../../arm-none-eabi/lib/thumb/v7e-m+fp/hard\libc_nano.a(lib_a-memcpy-stub.o)
                0x0000000008010f80                memcpy
 .text.memset   0x0000000008010f9c       0x10 d:/stm32cubeide/stm32cubeide_1.12.0/stm32cubeide/plugins/com.st.stm32cube.ide.mcu.externaltools.gnu-tools-for-stm32.10.3-2021.10.win32_1.0.200.202301161003/tools/bin/../lib/gcc/arm-none-eabi/10.3.1/../../../../arm-none-eabi/lib/thumb/v7e-m+fp/hard\libc_nano.a(lib_a-memset.o)
                0x0000000008010f9c                memset
 .text.validate_structure
                0x0000000008010fac      0x1b0 d:/stm32cubeide/stm32cubeide_1.12.0/stm32cubeide/plugins/com.st.stm32cube.ide.mcu.externaltools.gnu-tools-for-stm32.10.3-2021.10.win32_1.0.200.202301161003/tools/bin/../lib/gcc/arm-none-eabi/10.3.1/../../../../arm-none-eabi/lib/thumb/v7e-m+fp/hard\libc_nano.a(lib_a-mktime.o)
 .text.mktime   0x000000000801115c      0x334 d:/stm32cubeide/stm32cubeide_1.12.0/stm32cubeide/plugins/com.st.stm32cube.ide.mcu.externaltools.gnu-tools-for-stm32.10.3-2021.10.win32_1.0.200.202301161003/tools/bin/../lib/gcc/arm-none-eabi/10.3.1/../../../../arm-none-eabi/lib/thumb/v7e-m+fp/hard\libc_nano.a(lib_a-mktime.o)
                0x000000000801115c                mktime
 .text._free_r  0x0000000008011490       0x98 d:/stm32cubeide/stm32cubeide_1.12.0/stm32cubeide/plugins/com.st.stm32cube.ide.mcu.externaltools.gnu-tools-for-stm32.10.3-2021.10.win32_1.0.200.202301161003/tools/bin/../lib/gcc/arm-none-eabi/10.3.1/../../../../arm-none-eabi/lib/thumb/v7e-m+fp/hard\libc_nano.a(lib_a-nano-freer.o)
                0x0000000008011490                _free_r
 .text.sbrk_aligned
                0x0000000008011528       0x40 d:/stm32cubeide/stm32cubeide_1.12.0/stm32cubeide/plugins/com.st.stm32cube.ide.mcu.externaltools.gnu-tools-for-stm32.10.3-2021.10.win32_1.0.200.202301161003/tools/bin/../lib/gcc/arm-none-eabi/10.3.1/../../../../arm-none-eabi/lib/thumb/v7e-m+fp/hard\libc_nano.a(lib_a-nano-mallocr.o)
 .text._malloc_r
                0x0000000008011568       0xe8 d:/stm32cubeide/stm32cubeide_1.12.0/stm32cubeide/plugins/com.st.stm32cube.ide.mcu.externaltools.gnu-tools-for-stm32.10.3-2021.10.win32_1.0.200.202301161003/tools/bin/../lib/gcc/arm-none-eabi/10.3.1/../../../../arm-none-eabi/lib/thumb/v7e-m+fp/hard\libc_nano.a(lib_a-nano-mallocr.o)
                0x0000000008011568                _malloc_r
 .text.srand    0x0000000008011650       0x5c d:/stm32cubeide/stm32cubeide_1.12.0/stm32cubeide/plugins/com.st.stm32cube.ide.mcu.externaltools.gnu-tools-for-stm32.10.3-2021.10.win32_1.0.200.202301161003/tools/bin/../lib/gcc/arm-none-eabi/10.3.1/../../../../arm-none-eabi/lib/thumb/v7e-m+fp/hard\libc_nano.a(lib_a-rand.o)
                0x0000000008011650                srand
 .text.rand     0x00000000080116ac       0x7c d:/stm32cubeide/stm32cubeide_1.12.0/stm32cubeide/plugins/com.st.stm32cube.ide.mcu.externaltools.gnu-tools-for-stm32.10.3-2021.10.win32_1.0.200.202301161003/tools/bin/../lib/gcc/arm-none-eabi/10.3.1/../../../../arm-none-eabi/lib/thumb/v7e-m+fp/hard\libc_nano.a(lib_a-rand.o)
                0x00000000080116ac                rand
 .text._sbrk_r  0x0000000008011728       0x20 d:/stm32cubeide/stm32cubeide_1.12.0/stm32cubeide/plugins/com.st.stm32cube.ide.mcu.externaltools.gnu-tools-for-stm32.10.3-2021.10.win32_1.0.200.202301161003/tools/bin/../lib/gcc/arm-none-eabi/10.3.1/../../../../arm-none-eabi/lib/thumb/v7e-m+fp/hard\libc_nano.a(lib_a-sbrkr.o)
                0x0000000008011728                _sbrk_r
 .text.sprintf  0x0000000008011748       0x40 d:/stm32cubeide/stm32cubeide_1.12.0/stm32cubeide/plugins/com.st.stm32cube.ide.mcu.externaltools.gnu-tools-for-stm32.10.3-2021.10.win32_1.0.200.202301161003/tools/bin/../lib/gcc/arm-none-eabi/10.3.1/../../../../arm-none-eabi/lib/thumb/v7e-m+fp/hard\libc_nano.a(lib_a-sprintf.o)
                0x0000000008011748                siprintf
                0x0000000008011748                sprintf
 .text.__tzcalc_limits
                0x0000000008011788      0x154 d:/stm32cubeide/stm32cubeide_1.12.0/stm32cubeide/plugins/com.st.stm32cube.ide.mcu.externaltools.gnu-tools-for-stm32.10.3-2021.10.win32_1.0.200.202301161003/tools/bin/../lib/gcc/arm-none-eabi/10.3.1/../../../../arm-none-eabi/lib/thumb/v7e-m+fp/hard\libc_nano.a(lib_a-tzcalc_limits.o)
                0x0000000008011788                __tzcalc_limits
 .text.__tz_lock
                0x00000000080118dc        0xc d:/stm32cubeide/stm32cubeide_1.12.0/stm32cubeide/plugins/com.st.stm32cube.ide.mcu.externaltools.gnu-tools-for-stm32.10.3-2021.10.win32_1.0.200.202301161003/tools/bin/../lib/gcc/arm-none-eabi/10.3.1/../../../../arm-none-eabi/lib/thumb/v7e-m+fp/hard\libc_nano.a(lib_a-tzlock.o)
                0x00000000080118dc                __tz_lock
 .text.__tz_unlock
                0x00000000080118e8        0xc d:/stm32cubeide/stm32cubeide_1.12.0/stm32cubeide/plugins/com.st.stm32cube.ide.mcu.externaltools.gnu-tools-for-stm32.10.3-2021.10.win32_1.0.200.202301161003/tools/bin/../lib/gcc/arm-none-eabi/10.3.1/../../../../arm-none-eabi/lib/thumb/v7e-m+fp/hard\libc_nano.a(lib_a-tzlock.o)
                0x00000000080118e8                __tz_unlock
 .text._tzset_unlocked
                0x00000000080118f4        0xc d:/stm32cubeide/stm32cubeide_1.12.0/stm32cubeide/plugins/com.st.stm32cube.ide.mcu.externaltools.gnu-tools-for-stm32.10.3-2021.10.win32_1.0.200.202301161003/tools/bin/../lib/gcc/arm-none-eabi/10.3.1/../../../../arm-none-eabi/lib/thumb/v7e-m+fp/hard\libc_nano.a(lib_a-tzset.o)
                0x00000000080118f4                _tzset_unlocked
 .text._tzset_unlocked_r
                0x0000000008011900      0x300 d:/stm32cubeide/stm32cubeide_1.12.0/stm32cubeide/plugins/com.st.stm32cube.ide.mcu.externaltools.gnu-tools-for-stm32.10.3-2021.10.win32_1.0.200.202301161003/tools/bin/../lib/gcc/arm-none-eabi/10.3.1/../../../../arm-none-eabi/lib/thumb/v7e-m+fp/hard\libc_nano.a(lib_a-tzset_r.o)
                0x0000000008011900                _tzset_unlocked_r
 .text.__assert_func
                0x0000000008011c00       0x3c d:/stm32cubeide/stm32cubeide_1.12.0/stm32cubeide/plugins/com.st.stm32cube.ide.mcu.externaltools.gnu-tools-for-stm32.10.3-2021.10.win32_1.0.200.202301161003/tools/bin/../lib/gcc/arm-none-eabi/10.3.1/../../../../arm-none-eabi/lib/thumb/v7e-m+fp/hard\libc_nano.a(lib_a-assert.o)
                0x0000000008011c00                __assert_func
 .text.div      0x0000000008011c3c       0x28 d:/stm32cubeide/stm32cubeide_1.12.0/stm32cubeide/plugins/com.st.stm32cube.ide.mcu.externaltools.gnu-tools-for-stm32.10.3-2021.10.win32_1.0.200.202301161003/tools/bin/../lib/gcc/arm-none-eabi/10.3.1/../../../../arm-none-eabi/lib/thumb/v7e-m+fp/hard\libc_nano.a(lib_a-div.o)
                0x0000000008011c3c                div
 .text.fprintf  0x0000000008011c64       0x24 d:/stm32cubeide/stm32cubeide_1.12.0/stm32cubeide/plugins/com.st.stm32cube.ide.mcu.externaltools.gnu-tools-for-stm32.10.3-2021.10.win32_1.0.200.202301161003/tools/bin/../lib/gcc/arm-none-eabi/10.3.1/../../../../arm-none-eabi/lib/thumb/v7e-m+fp/hard\libc_nano.a(lib_a-fprintf.o)
                0x0000000008011c64                fiprintf
                0x0000000008011c64                fprintf
 .text._findenv_r
                0x0000000008011c88       0x78 d:/stm32cubeide/stm32cubeide_1.12.0/stm32cubeide/plugins/com.st.stm32cube.ide.mcu.externaltools.gnu-tools-for-stm32.10.3-2021.10.win32_1.0.200.202301161003/tools/bin/../lib/gcc/arm-none-eabi/10.3.1/../../../../arm-none-eabi/lib/thumb/v7e-m+fp/hard\libc_nano.a(lib_a-getenv_r.o)
                0x0000000008011c88                _findenv_r
 .text._getenv_r
                0x0000000008011d00        0xe d:/stm32cubeide/stm32cubeide_1.12.0/stm32cubeide/plugins/com.st.stm32cube.ide.mcu.externaltools.gnu-tools-for-stm32.10.3-2021.10.win32_1.0.200.202301161003/tools/bin/../lib/gcc/arm-none-eabi/10.3.1/../../../../arm-none-eabi/lib/thumb/v7e-m+fp/hard\libc_nano.a(lib_a-getenv_r.o)
                0x0000000008011d00                _getenv_r
 *fill*         0x0000000008011d0e        0x2 
 .text.__gettzinfo
                0x0000000008011d10        0x8 d:/stm32cubeide/stm32cubeide_1.12.0/stm32cubeide/plugins/com.st.stm32cube.ide.mcu.externaltools.gnu-tools-for-stm32.10.3-2021.10.win32_1.0.200.202301161003/tools/bin/../lib/gcc/arm-none-eabi/10.3.1/../../../../arm-none-eabi/lib/thumb/v7e-m+fp/hard\libc_nano.a(lib_a-gettzinfo.o)
                0x0000000008011d10                __gettzinfo
 .text.gmtime_r
                0x0000000008011d18      0x158 d:/stm32cubeide/stm32cubeide_1.12.0/stm32cubeide/plugins/com.st.stm32cube.ide.mcu.externaltools.gnu-tools-for-stm32.10.3-2021.10.win32_1.0.200.202301161003/tools/bin/../lib/gcc/arm-none-eabi/10.3.1/../../../../arm-none-eabi/lib/thumb/v7e-m+fp/hard\libc_nano.a(lib_a-gmtime_r.o)
                0x0000000008011d18                gmtime_r
 .text.__retarget_lock_init_recursive
                0x0000000008011e70        0x2 d:/stm32cubeide/stm32cubeide_1.12.0/stm32cubeide/plugins/com.st.stm32cube.ide.mcu.externaltools.gnu-tools-for-stm32.10.3-2021.10.win32_1.0.200.202301161003/tools/bin/../lib/gcc/arm-none-eabi/10.3.1/../../../../arm-none-eabi/lib/thumb/v7e-m+fp/hard\libc_nano.a(lib_a-lock.o)
                0x0000000008011e70                __retarget_lock_init_recursive
 .text.__retarget_lock_acquire
                0x0000000008011e72        0x2 d:/stm32cubeide/stm32cubeide_1.12.0/stm32cubeide/plugins/com.st.stm32cube.ide.mcu.externaltools.gnu-tools-for-stm32.10.3-2021.10.win32_1.0.200.202301161003/tools/bin/../lib/gcc/arm-none-eabi/10.3.1/../../../../arm-none-eabi/lib/thumb/v7e-m+fp/hard\libc_nano.a(lib_a-lock.o)
                0x0000000008011e72                __retarget_lock_acquire
 .text.__retarget_lock_acquire_recursive
                0x0000000008011e74        0x2 d:/stm32cubeide/stm32cubeide_1.12.0/stm32cubeide/plugins/com.st.stm32cube.ide.mcu.externaltools.gnu-tools-for-stm32.10.3-2021.10.win32_1.0.200.202301161003/tools/bin/../lib/gcc/arm-none-eabi/10.3.1/../../../../arm-none-eabi/lib/thumb/v7e-m+fp/hard\libc_nano.a(lib_a-lock.o)
                0x0000000008011e74                __retarget_lock_acquire_recursive
 .text.__retarget_lock_release
                0x0000000008011e76        0x2 d:/stm32cubeide/stm32cubeide_1.12.0/stm32cubeide/plugins/com.st.stm32cube.ide.mcu.externaltools.gnu-tools-for-stm32.10.3-2021.10.win32_1.0.200.202301161003/tools/bin/../lib/gcc/arm-none-eabi/10.3.1/../../../../arm-none-eabi/lib/thumb/v7e-m+fp/hard\libc_nano.a(lib_a-lock.o)
                0x0000000008011e76                __retarget_lock_release
 .text.__retarget_lock_release_recursive
                0x0000000008011e78        0x2 d:/stm32cubeide/stm32cubeide_1.12.0/stm32cubeide/plugins/com.st.stm32cube.ide.mcu.externaltools.gnu-tools-for-stm32.10.3-2021.10.win32_1.0.200.202301161003/tools/bin/../lib/gcc/arm-none-eabi/10.3.1/../../../../arm-none-eabi/lib/thumb/v7e-m+fp/hard\libc_nano.a(lib_a-lock.o)
                0x0000000008011e78                __retarget_lock_release_recursive
 *fill*         0x0000000008011e7a        0x2 
 .text.__malloc_lock
                0x0000000008011e7c        0xc d:/stm32cubeide/stm32cubeide_1.12.0/stm32cubeide/plugins/com.st.stm32cube.ide.mcu.externaltools.gnu-tools-for-stm32.10.3-2021.10.win32_1.0.200.202301161003/tools/bin/../lib/gcc/arm-none-eabi/10.3.1/../../../../arm-none-eabi/lib/thumb/v7e-m+fp/hard\libc_nano.a(lib_a-mlock.o)
                0x0000000008011e7c                __malloc_lock
 .text.__malloc_unlock
                0x0000000008011e88        0xc d:/stm32cubeide/stm32cubeide_1.12.0/stm32cubeide/plugins/com.st.stm32cube.ide.mcu.externaltools.gnu-tools-for-stm32.10.3-2021.10.win32_1.0.200.202301161003/tools/bin/../lib/gcc/arm-none-eabi/10.3.1/../../../../arm-none-eabi/lib/thumb/v7e-m+fp/hard\libc_nano.a(lib_a-mlock.o)
                0x0000000008011e88                __malloc_unlock
 .text.__ssputs_r
                0x0000000008011e94       0xb6 d:/stm32cubeide/stm32cubeide_1.12.0/stm32cubeide/plugins/com.st.stm32cube.ide.mcu.externaltools.gnu-tools-for-stm32.10.3-2021.10.win32_1.0.200.202301161003/tools/bin/../lib/gcc/arm-none-eabi/10.3.1/../../../../arm-none-eabi/lib/thumb/v7e-m+fp/hard\libc_nano.a(lib_a-nano-svfprintf.o)
                0x0000000008011e94                __ssputs_r
 *fill*         0x0000000008011f4a        0x2 
 .text._svfprintf_r
                0x0000000008011f4c      0x200 d:/stm32cubeide/stm32cubeide_1.12.0/stm32cubeide/plugins/com.st.stm32cube.ide.mcu.externaltools.gnu-tools-for-stm32.10.3-2021.10.win32_1.0.200.202301161003/tools/bin/../lib/gcc/arm-none-eabi/10.3.1/../../../../arm-none-eabi/lib/thumb/v7e-m+fp/hard\libc_nano.a(lib_a-nano-svfprintf.o)
                0x0000000008011f4c                _svfiprintf_r
                0x0000000008011f4c                _svfprintf_r
 .text.__sfputc_r
                0x000000000801214c       0x2e d:/stm32cubeide/stm32cubeide_1.12.0/stm32cubeide/plugins/com.st.stm32cube.ide.mcu.externaltools.gnu-tools-for-stm32.10.3-2021.10.win32_1.0.200.202301161003/tools/bin/../lib/gcc/arm-none-eabi/10.3.1/../../../../arm-none-eabi/lib/thumb/v7e-m+fp/hard\libc_nano.a(lib_a-nano-vfprintf.o)
 .text.__sfputs_r
                0x000000000801217a       0x24 d:/stm32cubeide/stm32cubeide_1.12.0/stm32cubeide/plugins/com.st.stm32cube.ide.mcu.externaltools.gnu-tools-for-stm32.10.3-2021.10.win32_1.0.200.202301161003/tools/bin/../lib/gcc/arm-none-eabi/10.3.1/../../../../arm-none-eabi/lib/thumb/v7e-m+fp/hard\libc_nano.a(lib_a-nano-vfprintf.o)
                0x000000000801217a                __sfputs_r
 *fill*         0x000000000801219e        0x2 
 .text._vfprintf_r
                0x00000000080121a0      0x260 d:/stm32cubeide/stm32cubeide_1.12.0/stm32cubeide/plugins/com.st.stm32cube.ide.mcu.externaltools.gnu-tools-for-stm32.10.3-2021.10.win32_1.0.200.202301161003/tools/bin/../lib/gcc/arm-none-eabi/10.3.1/../../../../arm-none-eabi/lib/thumb/v7e-m+fp/hard\libc_nano.a(lib_a-nano-vfprintf.o)