../Core/Src/bsp_i2c.c:63:6:bsp_i2c1_is_device_ready	16	static
../Core/Src/bsp_i2c.c:68:6:bsp_i2c1_is_busy	8	static
../Core/Src/bsp_i2c.c:73:6:bsp_i2c1_write_mem	32	static
../Core/Src/bsp_i2c.c:84:6:bsp_i2c1_read_mem	32	static
../Core/Src/bsp_i2c.c:96:6:bsp_i2c1_write_mem_dma	32	static
../Core/Src/bsp_i2c.c:115:6:bsp_i2c1_read_mem_dma	32	static
../Core/Src/bsp_i2c.c:211:6:bsp_i2c3_is_device_ready	16	static
../Core/Src/bsp_i2c.c:216:6:bsp_i2c3_is_busy	8	static
../Core/Src/bsp_i2c.c:221:6:bsp_i2c3_write_mem	32	static
../Core/Src/bsp_i2c.c:232:6:bsp_i2c3_read_mem	32	static
../Core/Src/bsp_i2c.c:244:6:bsp_i2c3_write_mem_dma	32	static
../Core/Src/bsp_i2c.c:263:6:bsp_i2c3_read_mem_dma	32	static
../Core/Src/bsp_i2c.c:287:6:i2c1_mem_dma_set_tx_cplt_callback	16	static
../Core/Src/bsp_i2c.c:291:6:i2c1_mem_dma_set_rx_cplt_callback	16	static
../Core/Src/bsp_i2c.c:307:6:i2c3_mem_dma_set_tx_cplt_callback	16	static
../Core/Src/bsp_i2c.c:311:6:i2c3_mem_dma_set_rx_cplt_callback	16	static
../Core/Src/bsp_i2c.c:317:6:HAL_I2C_MemTxCpltCallback	16	static
../Core/Src/bsp_i2c.c:348:6:HAL_I2C_MemRxCpltCallback	16	static
