../Core/Src/main.c:84:5:main	8	static
../Core/Src/main.c:137:6:SystemClock_Config	88	static
../Core/Src/main.c:182:13:MX_I2C1_Init	8	static
../Core/Src/main.c:214:13:MX_I2C3_Init	8	static
../Core/Src/main.c:246:13:MX_TIM3_Init	64	static
../Core/Src/main.c:311:13:MX_TIM4_Init	64	static
../Core/Src/main.c:368:13:MX_TIM9_Init	24	static
../Core/Src/main.c:404:13:MX_TIM11_Init	8	static
../Core/Src/main.c:433:13:MX_USART2_UART_Init	8	static
../Core/Src/main.c:462:13:MX_DMA_Init	16	static
../Core/Src/main.c:484:13:MX_GPIO_Init	48	static
../Core/Src/main.c:534:6:Error_Handler	4	static,ignoring_inline_asm
