../Core/Src/system_time.c:42:16:str_to_byte	24	static
../Core/Src/system_time.c:51:21:system_time_init	8	static
../Core/Src/system_time.c:70:21:system_time_alarm_set_callback	16	static
../Core/Src/system_time.c:76:21:system_time_update_reminder	32	static
../Core/Src/system_time.c:82:21:system_time_save_reminder	16	static
../Core/Src/system_time.c:89:21:system_time_set_reminder	32	static
../Core/Src/system_time.c:120:21:system_time_set_reminder_str	64	static
../Core/Src/system_time.c:131:21:system_time_get_reminder	16	static
../Core/Src/system_time.c:137:21:system_time_number_reminder	24	static
../Core/Src/system_time.c:151:21:system_time_clear_reminder	16	static
../Core/Src/system_time.c:161:21:system_time_clear_all_reminder	8	static
../Core/Src/system_time.c:171:21:system_time_get_value	24	static
../Core/Src/system_time.c:193:21:system_time_get_epoch_time	16	static
../Core/Src/system_time.c:203:21:system_time_get_date_time	16	static
../Core/Src/system_time.c:213:21:system_time_set_value	104	static
../Core/Src/system_time.c:233:6:bsp_tim11_handle	16	static
../Core/Src/system_time.c:258:16:check_leap_year	16	static
../Core/Src/system_time.c:263:16:day_of_month	16	static
../Core/Src/system_time.c:288:6:system_time_change	24	static
../Core/Src/system_time.c:333:6:system_time_is_realtime_ready	8	static
../Core/Src/system_time.c:338:6:system_time_is_temp_sensor_ready	8	static
