../Core/Src/driver/drv_ssd1306.c:79:26:drv_ssd1306_write_command	24	static
../Core/Src/driver/drv_ssd1306.c:87:26:drv_ssd1306_write_data	24	static
../Core/Src/driver/drv_ssd1306.c:94:26:drv_ssd1306_is_ready	16	static
../Core/Src/driver/drv_ssd1306.c:101:21:drv_ssd1306_fill	16	static
../Core/Src/driver/drv_ssd1306.c:108:21:drv_ssd1306_fill_theme_color	16	static
../Core/Src/driver/drv_ssd1306.c:138:19:drv_ssd1306_update_screen	24	static
../Core/Src/driver/drv_ssd1306.c:162:26:drv_ssd1306_send_data	32	static
../Core/Src/driver/drv_ssd1306.c:210:19:drv_ssd1306_init	16	static
../Core/Src/driver/drv_ssd1306.c:270:19:drv_ssd1306_invert_display	16	static
../Core/Src/driver/drv_ssd1306.c:277:1:drv_ssd1306_draw_bitmap	32	static
../Core/Src/driver/drv_ssd1306.c:301:19:drv_ssd1306_draw_pixel	16	static
../Core/Src/driver/drv_ssd1306.c:325:19:drv_ssd1306_goto_xy	16	static
../Core/Src/driver/drv_ssd1306.c:335:19:drv_ssd1306_send_font_custom	48	static
../Core/Src/driver/drv_ssd1306.c:366:19:drv_ssd1306_putc	48	static
../Core/Src/driver/drv_ssd1306.c:417:19:drv_ssd1306_send	32	static
../Core/Src/driver/drv_ssd1306.c:452:19:drv_ssd1306_puts	24	static
../Core/Src/driver/drv_ssd1306.c:470:13:drv_ssd1306_raw_circle	40	static
../Core/Src/driver/drv_ssd1306.c:507:6:drv_ssd1306_raw_fill_circle	48	static
../Core/Src/driver/drv_ssd1306.c:541:6:drv_ssd1306_draw_line	40	static
../Core/Src/driver/drv_ssd1306.c:642:6:drv_ssd1306_draw_rectangle	32	static
../Core/Src/driver/drv_ssd1306.c:666:6:drv_ssd1306_draw_triangle	32	static
../Core/Src/driver/drv_ssd1306.c:680:6:drv_ssd1306_clear	16	static
../Core/Src/driver/drv_ssd1306.c:685:6:drv_ssd1306_on	16	static
../Core/Src/driver/drv_ssd1306.c:691:6:drv_ssd1306_off	16	static
../Core/Src/driver/drv_ssd1306.c:699:6:drv_ssd1306_draw_hand_thin	56	static
../Core/Src/driver/drv_ssd1306.c:717:6:update_time_auto	24	static
../Core/Src/driver/drv_ssd1306.c:737:19:drv_ds1306_clock_style_simple	80	static
../Core/Src/driver/drv_ssd1306.c:811:19:drv_ds1306_clock_style_digital	64	static
